Starting a Gradle Daemon, 1 busy Daemon could not be reused, use --status for details
> Task :app:checkKotlinGradlePluginConfigurationErrors SKIPPED
> Task :app:preBuild UP-TO-DATE
> Task :app:preDebugBuild UP-TO-DATE
> Task :app:generateDebugBuildConfig UP-TO-DATE
> Task :app:checkDebugAarMetadata UP-TO-DATE
> Task :app:generateDebugResValues UP-TO-DATE
> Task :app:mapDebugSourceSetPaths UP-TO-DATE
> Task :app:generateDebugResources UP-TO-DATE
> Task :app:mergeDebugResources UP-TO-DATE
> Task :app:packageDebugResources UP-TO-DATE
> Task :app:parseDebugLocalResources UP-TO-DATE
> Task :app:createDebugCompatibleScreenManifests UP-TO-DATE
> Task :app:extractDeepLinksDebug UP-TO-DATE
> Task :app:processDebugMainManifest UP-TO-DATE
> Task :app:processDebugManifest UP-TO-DATE
> Task :app:processDebugManifestForPackage UP-TO-DATE
> Task :app:processDebugResources UP-TO-DATE

> Task :app:compileDebugKotlin FAILED
e: file:///home/anseto/programe/snacktrack/app/src/main/java/com/example/snacktrack/data/repository/AIRepository.kt:407:72 Unresolved reference 'date'.
e: file:///home/anseto/programe/snacktrack/app/src/main/java/com/example/snacktrack/data/repository/AIRepository.kt:407:93 Unresolved reference 'date'.
e: file:///home/anseto/programe/snacktrack/app/src/main/java/com/example/snacktrack/data/repository/BarcodeRepository.kt:175:22 Unresolved reference 'DataSource'.
e: file:///home/anseto/programe/snacktrack/app/src/main/java/com/example/snacktrack/data/repository/BarcodeRepository.kt:421:17 No parameter with name 'limit' found.
e: file:///home/anseto/programe/snacktrack/app/src/main/java/com/example/snacktrack/data/repository/BarcodeRepository.kt:691:74 Unresolved reference 'age'.
e: file:///home/anseto/programe/snacktrack/app/src/main/java/com/example/snacktrack/data/repository/BarcodeRepository.kt:696:71 Unresolved reference 'age'.
e: file:///home/anseto/programe/snacktrack/app/src/main/java/com/example/snacktrack/data/repository/BarcodeRepository.kt:848:17 No parameter with name 'limit' found.
e: file:///home/anseto/programe/snacktrack/app/src/main/java/com/example/snacktrack/data/repository/BarcodeRepository.kt:1089:52 One type argument expected for class 'Document'.
e: file:///home/anseto/programe/snacktrack/app/src/main/java/com/example/snacktrack/data/repository/BarcodeRepository.kt:1091:27 Unresolved reference 'id'.
e: file:///home/anseto/programe/snacktrack/app/src/main/java/com/example/snacktrack/data/repository/BarcodeRepository.kt:1092:32 Unresolved reference 'data'.
e: file:///home/anseto/programe/snacktrack/app/src/main/java/com/example/snacktrack/data/repository/BarcodeRepository.kt:1093:29 Unresolved reference 'data'.
e: file:///home/anseto/programe/snacktrack/app/src/main/java/com/example/snacktrack/data/repository/BarcodeRepository.kt:1094:30 Unresolved reference 'data'.
e: file:///home/anseto/programe/snacktrack/app/src/main/java/com/example/snacktrack/data/repository/BarcodeRepository.kt:1095:57 Unresolved reference 'data'.
e: file:///home/anseto/programe/snacktrack/app/src/main/java/com/example/snacktrack/data/repository/BarcodeRepository.kt:1096:36 Unresolved reference 'data'.
e: file:///home/anseto/programe/snacktrack/app/src/main/java/com/example/snacktrack/data/repository/BarcodeRepository.kt:1101:54 One type argument expected for class 'Document'.
e: file:///home/anseto/programe/snacktrack/app/src/main/java/com/example/snacktrack/data/repository/BarcodeRepository.kt:1104:13 No value passed for parameter 'product'.
e: file:///home/anseto/programe/snacktrack/app/src/main/java/com/example/snacktrack/data/repository/BarcodeRepository.kt:1104:27 Unresolved reference 'id'.
e: file:///home/anseto/programe/snacktrack/app/src/main/java/com/example/snacktrack/data/repository/ExportRepository.kt:51:29 Argument type mismatch: actual type is 'com.example.snacktrack.data.repository.ExportRepository.DateRange?', but 'com.example.snacktrack.data.model.DateRange?' was expected.
e: file:///home/anseto/programe/snacktrack/app/src/main/java/com/example/snacktrack/data/repository/ExportRepository.kt:610:75 Unresolved reference 'allowPartialImport'.
e: file:///home/anseto/programe/snacktrack/app/src/main/java/com/example/snacktrack/data/repository/ExportRepository.kt:861:22 Unresolved reference 'UUID'.
e: file:///home/anseto/programe/snacktrack/app/src/main/java/com/example/snacktrack/data/repository/ExportRepository.kt:865:16 Unresolved reference 'UUID'.
e: file:///home/anseto/programe/snacktrack/app/src/main/java/com/example/snacktrack/data/repository/ExportRepository.kt:920:27 Unresolved reference 'startDate'.
e: file:///home/anseto/programe/snacktrack/app/src/main/java/com/example/snacktrack/data/repository/ExportRepository.kt:921:25 Unresolved reference 'endDate'.
e: file:///home/anseto/programe/snacktrack/app/src/main/java/com/example/snacktrack/data/repository/ExportRepository.kt:1201:20 Unresolved reference 'startDate'.
e: file:///home/anseto/programe/snacktrack/app/src/main/java/com/example/snacktrack/data/repository/ExportRepository.kt:1202:18 Unresolved reference 'endDate'.
e: file:///home/anseto/programe/snacktrack/app/src/main/java/com/example/snacktrack/data/repository/HealthRepository.kt:211:56 Unresolved reference 'first'.
e: file:///home/anseto/programe/snacktrack/app/src/main/java/com/example/snacktrack/data/repository/HealthRepository.kt:249:24 Unresolved reference 'AllergySeverity'.
e: file:///home/anseto/programe/snacktrack/app/src/main/java/com/example/snacktrack/data/repository/NutritionRepository.kt:24:70 Too many arguments for 'public constructor(context: android/content/Context): com/example/snacktrack/data/repository/FoodIntakeRepository'.
e: file:///home/anseto/programe/snacktrack/app/src/main/java/com/example/snacktrack/data/repository/NutritionRepository.kt:25:56 Too many arguments for 'public constructor(context: android/content/Context): com/example/snacktrack/data/repository/DogRepository'.
e: file:///home/anseto/programe/snacktrack/app/src/main/java/com/example/snacktrack/data/repository/NutritionRepository.kt:37:47 Unresolved reference 'first'.
e: file:///home/anseto/programe/snacktrack/app/src/main/java/com/example/snacktrack/data/repository/NutritionRepository.kt:54:27 Cannot infer type for this parameter. Please specify it explicitly.
e: file:///home/anseto/programe/snacktrack/app/src/main/java/com/example/snacktrack/data/repository/NutritionRepository.kt:55:27 Overload resolution ambiguity between candidates:
@IntrinsicConstEvaluation() fun plus(other: Byte): Int
@IntrinsicConstEvaluation() fun plus(other: Double): Double
@IntrinsicConstEvaluation() fun plus(other: Float): Float
@IntrinsicConstEvaluation() fun plus(other: Int): Int
@IntrinsicConstEvaluation() fun plus(other: Long): Long
@IntrinsicConstEvaluation() fun plus(other: Short): Int
e: file:///home/anseto/programe/snacktrack/app/src/main/java/com/example/snacktrack/data/repository/NutritionRepository.kt:55:37 Unresolved reference 'calories'.
e: file:///home/anseto/programe/snacktrack/app/src/main/java/com/example/snacktrack/data/repository/NutritionRepository.kt:58:20 Unresolved reference 'protein'.
e: file:///home/anseto/programe/snacktrack/app/src/main/java/com/example/snacktrack/data/repository/NutritionRepository.kt:58:33 Cannot infer type for this parameter. Please specify it explicitly.
e: file:///home/anseto/programe/snacktrack/app/src/main/java/com/example/snacktrack/data/repository/NutritionRepository.kt:58:48 Overload resolution ambiguity between candidates:
@IntrinsicConstEvaluation() fun plus(other: Byte): Double
@IntrinsicConstEvaluation() fun plus(other: Double): Double
@IntrinsicConstEvaluation() fun plus(other: Float): Double
@IntrinsicConstEvaluation() fun plus(other: Int): Double
@IntrinsicConstEvaluation() fun plus(other: Long): Double
@IntrinsicConstEvaluation() fun plus(other: Short): Double
e: file:///home/anseto/programe/snacktrack/app/src/main/java/com/example/snacktrack/data/repository/NutritionRepository.kt:58:54 Overload resolution ambiguity between candidates:
@InlineOnly() fun BigDecimal.times(other: BigDecimal): BigDecimal
@InlineOnly() fun BigInteger.times(other: BigInteger): BigInteger
e: file:///home/anseto/programe/snacktrack/app/src/main/java/com/example/snacktrack/data/repository/NutritionRepository.kt:58:64 Unresolved reference 'amountGram'.
e: file:///home/anseto/programe/snacktrack/app/src/main/java/com/example/snacktrack/data/repository/NutritionRepository.kt:59:20 Unresolved reference 'fat'.
e: file:///home/anseto/programe/snacktrack/app/src/main/java/com/example/snacktrack/data/repository/NutritionRepository.kt:59:29 Cannot infer type for this parameter. Please specify it explicitly.
e: file:///home/anseto/programe/snacktrack/app/src/main/java/com/example/snacktrack/data/repository/NutritionRepository.kt:59:40 Overload resolution ambiguity between candidates:
@IntrinsicConstEvaluation() fun plus(other: Byte): Double
@IntrinsicConstEvaluation() fun plus(other: Double): Double
@IntrinsicConstEvaluation() fun plus(other: Float): Double
@IntrinsicConstEvaluation() fun plus(other: Int): Double
@IntrinsicConstEvaluation() fun plus(other: Long): Double
@IntrinsicConstEvaluation() fun plus(other: Short): Double
e: file:///home/anseto/programe/snacktrack/app/src/main/java/com/example/snacktrack/data/repository/NutritionRepository.kt:59:46 Overload resolution ambiguity between candidates:
@InlineOnly() fun BigDecimal.times(other: BigDecimal): BigDecimal
@InlineOnly() fun BigInteger.times(other: BigInteger): BigInteger
e: file:///home/anseto/programe/snacktrack/app/src/main/java/com/example/snacktrack/data/repository/NutritionRepository.kt:59:56 Unresolved reference 'amountGram'.
e: file:///home/anseto/programe/snacktrack/app/src/main/java/com/example/snacktrack/data/repository/NutritionRepository.kt:60:20 Unresolved reference 'carbs'.
e: file:///home/anseto/programe/snacktrack/app/src/main/java/com/example/snacktrack/data/repository/NutritionRepository.kt:60:31 Cannot infer type for this parameter. Please specify it explicitly.
e: file:///home/anseto/programe/snacktrack/app/src/main/java/com/example/snacktrack/data/repository/NutritionRepository.kt:60:44 Overload resolution ambiguity between candidates:
@IntrinsicConstEvaluation() fun plus(other: Byte): Double
@IntrinsicConstEvaluation() fun plus(other: Double): Double
@IntrinsicConstEvaluation() fun plus(other: Float): Double
@IntrinsicConstEvaluation() fun plus(other: Int): Double
@IntrinsicConstEvaluation() fun plus(other: Long): Double
@IntrinsicConstEvaluation() fun plus(other: Short): Double
e: file:///home/anseto/programe/snacktrack/app/src/main/java/com/example/snacktrack/data/repository/NutritionRepository.kt:60:50 Overload resolution ambiguity between candidates:
@InlineOnly() fun BigDecimal.times(other: BigDecimal): BigDecimal
@InlineOnly() fun BigInteger.times(other: BigInteger): BigInteger
e: file:///home/anseto/programe/snacktrack/app/src/main/java/com/example/snacktrack/data/repository/NutritionRepository.kt:60:60 Unresolved reference 'amountGram'.
e: file:///home/anseto/programe/snacktrack/app/src/main/java/com/example/snacktrack/data/repository/NutritionRepository.kt:63:24 Unresolved reference 'amountGram'.
e: file:///home/anseto/programe/snacktrack/app/src/main/java/com/example/snacktrack/data/repository/NutritionRepository.kt:63:50 Unresolved reference 'note'.
e: file:///home/anseto/programe/snacktrack/app/src/main/java/com/example/snacktrack/data/repository/NutritionRepository.kt:64:31 Overload resolution ambiguity between candidates:
@IntrinsicConstEvaluation() fun plus(other: Byte): Int
@IntrinsicConstEvaluation() fun plus(other: Double): Double
@IntrinsicConstEvaluation() fun plus(other: Float): Float
@IntrinsicConstEvaluation() fun plus(other: Int): Int
@IntrinsicConstEvaluation() fun plus(other: Long): Long
@IntrinsicConstEvaluation() fun plus(other: Short): Int
e: file:///home/anseto/programe/snacktrack/app/src/main/java/com/example/snacktrack/data/repository/NutritionRepository.kt:64:41 Unresolved reference 'calories'.
e: file:///home/anseto/programe/snacktrack/app/src/main/java/com/example/snacktrack/data/repository/NutritionRepository.kt:69:24 Unresolved reference 'foodName'.
e: file:///home/anseto/programe/snacktrack/app/src/main/java/com/example/snacktrack/data/repository/NutritionRepository.kt:70:24 Unresolved reference 'foodName'.
e: file:///home/anseto/programe/snacktrack/app/src/main/java/com/example/snacktrack/data/repository/NutritionRepository.kt:71:24 Unresolved reference 'foodName'.
e: file:///home/anseto/programe/snacktrack/app/src/main/java/com/example/snacktrack/data/repository/NutritionRepository.kt:71:82 Overload resolution ambiguity between candidates:
@IntrinsicConstEvaluation() fun plus(other: Byte): Double
@IntrinsicConstEvaluation() fun plus(other: Double): Double
@IntrinsicConstEvaluation() fun plus(other: Float): Double
@IntrinsicConstEvaluation() fun plus(other: Int): Double
@IntrinsicConstEvaluation() fun plus(other: Long): Double
@IntrinsicConstEvaluation() fun plus(other: Short): Double
e: file:///home/anseto/programe/snacktrack/app/src/main/java/com/example/snacktrack/data/repository/NutritionRepository.kt:71:92 Unresolved reference 'amountGram'.
e: file:///home/anseto/programe/snacktrack/app/src/main/java/com/example/snacktrack/data/repository/NutritionRepository.kt:73:24 Unresolved reference 'foodName'.
e: file:///home/anseto/programe/snacktrack/app/src/main/java/com/example/snacktrack/data/repository/NutritionRepository.kt:73:85 Overload resolution ambiguity between candidates:
@IntrinsicConstEvaluation() fun plus(other: Byte): Double
@IntrinsicConstEvaluation() fun plus(other: Double): Double
@IntrinsicConstEvaluation() fun plus(other: Float): Double
@IntrinsicConstEvaluation() fun plus(other: Int): Double
@IntrinsicConstEvaluation() fun plus(other: Long): Double
@IntrinsicConstEvaluation() fun plus(other: Short): Double
e: file:///home/anseto/programe/snacktrack/app/src/main/java/com/example/snacktrack/data/repository/NutritionRepository.kt:73:95 Unresolved reference 'amountGram'.
e: file:///home/anseto/programe/snacktrack/app/src/main/java/com/example/snacktrack/data/repository/NutritionRepository.kt:75:24 Unresolved reference 'foodName'.
e: file:///home/anseto/programe/snacktrack/app/src/main/java/com/example/snacktrack/data/repository/NutritionRepository.kt:76:24 Unresolved reference 'foodName'.
e: file:///home/anseto/programe/snacktrack/app/src/main/java/com/example/snacktrack/data/repository/NutritionRepository.kt:76:84 Overload resolution ambiguity between candidates:
@IntrinsicConstEvaluation() fun plus(other: Byte): Double
@IntrinsicConstEvaluation() fun plus(other: Double): Double
@IntrinsicConstEvaluation() fun plus(other: Float): Double
@IntrinsicConstEvaluation() fun plus(other: Int): Double
@IntrinsicConstEvaluation() fun plus(other: Long): Double
@IntrinsicConstEvaluation() fun plus(other: Short): Double
e: file:///home/anseto/programe/snacktrack/app/src/main/java/com/example/snacktrack/data/repository/NutritionRepository.kt:76:94 Unresolved reference 'amountGram'.
e: file:///home/anseto/programe/snacktrack/app/src/main/java/com/example/snacktrack/data/repository/NutritionRepository.kt:78:24 Unresolved reference 'foodName'.
e: file:///home/anseto/programe/snacktrack/app/src/main/java/com/example/snacktrack/data/repository/NutritionRepository.kt:79:24 Unresolved reference 'foodName'.
e: file:///home/anseto/programe/snacktrack/app/src/main/java/com/example/snacktrack/data/repository/NutritionRepository.kt:79:87 Overload resolution ambiguity between candidates:
@IntrinsicConstEvaluation() fun plus(other: Byte): Double
@IntrinsicConstEvaluation() fun plus(other: Double): Double
@IntrinsicConstEvaluation() fun plus(other: Float): Double
@IntrinsicConstEvaluation() fun plus(other: Int): Double
@IntrinsicConstEvaluation() fun plus(other: Long): Double
@IntrinsicConstEvaluation() fun plus(other: Short): Double
e: file:///home/anseto/programe/snacktrack/app/src/main/java/com/example/snacktrack/data/repository/NutritionRepository.kt:79:97 Unresolved reference 'amountGram'.
e: file:///home/anseto/programe/snacktrack/app/src/main/java/com/example/snacktrack/data/repository/OfflineRepository.kt:351:26 Argument type mismatch: actual type is 'io.appwrite.models.User<kotlin.collections.Map<kotlin.String, kotlin.Any>>', but 'kotlin.String' was expected.
e: file:///home/anseto/programe/snacktrack/app/src/main/java/com/example/snacktrack/data/repository/OfflineRepository.kt:351:26 Syntax error: Qualified expression without selector.
e: file:///home/anseto/programe/snacktrack/app/src/main/java/com/example/snacktrack/data/repository/OfflineRepository.kt:351:56 Syntax error: Expecting an element.
e: file:///home/anseto/programe/snacktrack/app/src/main/java/com/example/snacktrack/data/repository/OfflineRepository.kt:351:57 Syntax error: Expecting ')'.
e: file:///home/anseto/programe/snacktrack/app/src/main/java/com/example/snacktrack/data/repository/OfflineRepository.kt:351:60 Syntax error: Unexpected tokens (use ';' to separate expressions on the same line).
e: file:///home/anseto/programe/snacktrack/app/src/main/java/com/example/snacktrack/data/repository/OfflineRepository.kt:352:17 'val' cannot be reassigned.
e: file:///home/anseto/programe/snacktrack/app/src/main/java/com/example/snacktrack/data/repository/OfflineRepository.kt:352:38 Syntax error: Unexpected tokens (use ';' to separate expressions on the same line).
e: file:///home/anseto/programe/snacktrack/app/src/main/java/com/example/snacktrack/data/repository/OfflineRepository.kt:353:17 'val' cannot be reassigned.
e: file:///home/anseto/programe/snacktrack/app/src/main/java/com/example/snacktrack/data/repository/OfflineRepository.kt:353:40 Syntax error: Unexpected tokens (use ';' to separate expressions on the same line).
e: file:///home/anseto/programe/snacktrack/app/src/main/java/com/example/snacktrack/data/repository/OfflineRepository.kt:354:17 'val' cannot be reassigned.
e: file:///home/anseto/programe/snacktrack/app/src/main/java/com/example/snacktrack/data/repository/OfflineRepository.kt:354:36 Syntax error: Unexpected tokens (use ';' to separate expressions on the same line).
e: file:///home/anseto/programe/snacktrack/app/src/main/java/com/example/snacktrack/data/repository/OfflineRepository.kt:355:17 'val' cannot be reassigned.
e: file:///home/anseto/programe/snacktrack/app/src/main/java/com/example/snacktrack/data/repository/OfflineRepository.kt:355:98 Syntax error: Unexpected tokens (use ';' to separate expressions on the same line).
e: file:///home/anseto/programe/snacktrack/app/src/main/java/com/example/snacktrack/data/repository/OfflineRepository.kt:356:17 'val' cannot be reassigned.
e: file:///home/anseto/programe/snacktrack/app/src/main/java/com/example/snacktrack/data/repository/OfflineRepository.kt:356:36 Syntax error: Unexpected tokens (use ';' to separate expressions on the same line).
e: file:///home/anseto/programe/snacktrack/app/src/main/java/com/example/snacktrack/data/repository/OfflineRepository.kt:357:17 Unresolved reference 'createdAt'.
e: file:///home/anseto/programe/snacktrack/app/src/main/java/com/example/snacktrack/data/repository/OfflineRepository.kt:357:48 Syntax error: Unexpected tokens (use ';' to separate expressions on the same line).
e: file:///home/anseto/programe/snacktrack/app/src/main/java/com/example/snacktrack/data/repository/OfflineRepository.kt:358:17 Unresolved reference 'lastAccessedAt'.
e: file:///home/anseto/programe/snacktrack/app/src/main/java/com/example/snacktrack/data/repository/OfflineRepository.kt:358:53 Syntax error: Unexpected tokens (use ';' to separate expressions on the same line).
e: file:///home/anseto/programe/snacktrack/app/src/main/java/com/example/snacktrack/data/repository/OfflineRepository.kt:359:17 Unresolved reference 'expiresAt'.
e: file:///home/anseto/programe/snacktrack/app/src/main/java/com/example/snacktrack/data/repository/OfflineRepository.kt:360:13 Syntax error: Expecting an element.
e: file:///home/anseto/programe/snacktrack/app/src/main/java/com/example/snacktrack/data/repository/OfflineRepository.kt:396:9 Argument type mismatch: actual type is 'it(kotlin.Unit & kotlin.Result<T>)', but 'kotlin.Result<kotlin.Any?>' was expected.
e: file:///home/anseto/programe/snacktrack/app/src/main/java/com/example/snacktrack/data/repository/PreventionRepository.kt:457:92 Unresolved reference 'PreventionSeasonalCare'.
e: file:///home/anseto/programe/snacktrack/app/src/main/java/com/example/snacktrack/data/repository/PreventionRepository.kt:458:9 Argument type mismatch: actual type is 'it(kotlin.Result<T> & kotlin.Result<T>)', but 'kotlin.Result<ERROR CLASS: Symbol not found for PreventionSeasonalCare>' was expected.
e: file:///home/anseto/programe/snacktrack/app/src/main/java/com/example/snacktrack/data/repository/PreventionRepository.kt:471:17 Unresolved reference 'PreventionSeasonalCare'.
e: file:///home/anseto/programe/snacktrack/app/src/main/java/com/example/snacktrack/data/repository/PreventionRepository.kt:583:90 Unresolved reference 'PreventionSeasonalCare'.
e: file:///home/anseto/programe/snacktrack/app/src/main/java/com/example/snacktrack/data/repository/PreventionRepository.kt:584:23 Not enough information to infer type argument for 'K'.
e: file:///home/anseto/programe/snacktrack/app/src/main/java/com/example/snacktrack/data/repository/PreventionRepository.kt:585:40 Not enough information to infer type argument for 'T'.
e: file:///home/anseto/programe/snacktrack/app/src/main/java/com/example/snacktrack/data/repository/PreventionRepository.kt:586:17 Unresolved reference 'PreventionSeasonalHazard'.
e: file:///home/anseto/programe/snacktrack/app/src/main/java/com/example/snacktrack/data/repository/PreventionRepository.kt:594:40 Not enough information to infer type argument for 'T'.
e: file:///home/anseto/programe/snacktrack/app/src/main/java/com/example/snacktrack/data/repository/PreventionRepository.kt:595:17 Unresolved reference 'PreventionSeasonalHazard'.
e: file:///home/anseto/programe/snacktrack/app/src/main/java/com/example/snacktrack/data/repository/PreventionRepository.kt:603:38 Not enough information to infer type argument for 'T'.
e: file:///home/anseto/programe/snacktrack/app/src/main/java/com/example/snacktrack/data/repository/PreventionRepository.kt:604:17 Unresolved reference 'PreventionSeasonalHazard'.
e: file:///home/anseto/programe/snacktrack/app/src/main/java/com/example/snacktrack/data/repository/PreventionRepository.kt:612:40 Not enough information to infer type argument for 'T'.
e: file:///home/anseto/programe/snacktrack/app/src/main/java/com/example/snacktrack/data/repository/PreventionRepository.kt:613:17 Unresolved reference 'PreventionSeasonalHazard'.
e: file:///home/anseto/programe/snacktrack/app/src/main/java/com/example/snacktrack/data/repository/PreventionRepository.kt:623:16 Unresolved reference 'PreventionSeasonalCare'.
e: file:///home/anseto/programe/snacktrack/app/src/main/java/com/example/snacktrack/data/repository/PreventionRepository.kt:659:85 Unresolved reference 'PreventionSeasonalReminder'.
e: file:///home/anseto/programe/snacktrack/app/src/main/java/com/example/snacktrack/data/repository/PreventionRepository.kt:661:13 Unresolved reference 'PreventionSeasonalReminder'.
e: file:///home/anseto/programe/snacktrack/app/src/main/java/com/example/snacktrack/data/repository/StatisticsRepository.kt:29:62 Too many arguments for 'public constructor(context: android/content/Context): com/example/snacktrack/data/repository/WeightRepository'.
e: file:///home/anseto/programe/snacktrack/app/src/main/java/com/example/snacktrack/data/repository/StatisticsRepository.kt:32:70 Too many arguments for 'public constructor(context: android/content/Context): com/example/snacktrack/data/repository/FoodIntakeRepository'.
e: file:///home/anseto/programe/snacktrack/app/src/main/java/com/example/snacktrack/data/repository/StatisticsRepository.kt:83:49 Unresolved reference 'getWeightEntries'.
e: file:///home/anseto/programe/snacktrack/app/src/main/java/com/example/snacktrack/data/repository/StatisticsRepository.kt:93:54 Unresolved reference 'date'.
e: file:///home/anseto/programe/snacktrack/app/src/main/java/com/example/snacktrack/data/repository/StatisticsRepository.kt:94:19 Unresolved reference 'dogRepository'.
e: file:///home/anseto/programe/snacktrack/app/src/main/java/com/example/snacktrack/data/repository/StatisticsRepository.kt:95:32 Unresolved reference 'targetWeight'.
e: file:///home/anseto/programe/snacktrack/app/src/main/java/com/example/snacktrack/data/repository/StatisticsRepository.kt:119:66 Unresolved reference 'date'.
e: file:///home/anseto/programe/snacktrack/app/src/main/java/com/example/snacktrack/data/repository/StatisticsRepository.kt:119:87 Unresolved reference 'date'.
e: file:///home/anseto/programe/snacktrack/app/src/main/java/com/example/snacktrack/data/repository/StatisticsRepository.kt:145:31 Unresolved reference 'date'.
e: file:///home/anseto/programe/snacktrack/app/src/main/java/com/example/snacktrack/data/repository/StatisticsRepository.kt:165:56 Unresolved reference 'first'.
e: file:///home/anseto/programe/snacktrack/app/src/main/java/com/example/snacktrack/data/repository/StatisticsRepository.kt:180:19 Unresolved reference 'dogRepository'.
e: file:///home/anseto/programe/snacktrack/app/src/main/java/com/example/snacktrack/data/repository/StatisticsRepository.kt:210:55 Unresolved reference 'currentWeight'.
e: file:///home/anseto/programe/snacktrack/app/src/main/java/com/example/snacktrack/data/repository/StatisticsRepository.kt:224:36 Argument type mismatch: actual type is 'kotlin.Int', but 'kotlin.Double' was expected.
e: file:///home/anseto/programe/snacktrack/app/src/main/java/com/example/snacktrack/data/repository/StatisticsRepository.kt:282:50 Unresolved reference 'veterinarianVisit'.
e: file:///home/anseto/programe/snacktrack/app/src/main/java/com/example/snacktrack/data/repository/StatisticsRepository.kt:301:58 Argument type mismatch: actual type is 'kotlin.collections.List<com.example.snacktrack.data.model.DogHealthEntry>', but 'kotlin.collections.List<com.example.snacktrack.data.model.HealthEvent>' was expected.
e: file:///home/anseto/programe/snacktrack/app/src/main/java/com/example/snacktrack/data/repository/StatisticsRepository.kt:306:32 Argument type mismatch: actual type is 'kotlin.collections.Map<com.example.snacktrack.data.model.HealthSymptom, kotlin.Int>', but 'kotlin.collections.Map<kotlin.String, kotlin.Int>' was expected.
e: file:///home/anseto/programe/snacktrack/app/src/main/java/com/example/snacktrack/data/repository/StatisticsRepository.kt:329:19 Unresolved reference 'dogRepository'.
e: file:///home/anseto/programe/snacktrack/app/src/main/java/com/example/snacktrack/data/repository/StatisticsRepository.kt:332:38 Unresolved reference 'breed'.
e: file:///home/anseto/programe/snacktrack/app/src/main/java/com/example/snacktrack/data/repository/StatisticsRepository.kt:333:55 Unresolved reference 'birthDate'.
e: file:///home/anseto/programe/snacktrack/app/src/main/java/com/example/snacktrack/data/repository/StatisticsRepository.kt:335:87 Unresolved reference 'currentWeight'.
e: file:///home/anseto/programe/snacktrack/app/src/main/java/com/example/snacktrack/data/repository/StatisticsRepository.kt:339:76 Unresolved reference 'SEDENTARY'.
e: file:///home/anseto/programe/snacktrack/app/src/main/java/com/example/snacktrack/data/repository/StatisticsRepository.kt:341:77 Unresolved reference 'MODERATE'.
e: file:///home/anseto/programe/snacktrack/app/src/main/java/com/example/snacktrack/data/repository/StatisticsRepository.kt:348:60 Unresolved reference 'currentWeight'.
e: file:///home/anseto/programe/snacktrack/app/src/main/java/com/example/snacktrack/data/repository/StatisticsRepository.kt:354:17 Unresolved reference 'currentWeight'.
e: file:///home/anseto/programe/snacktrack/app/src/main/java/com/example/snacktrack/data/repository/StatisticsRepository.kt:379:29 Argument type mismatch: actual type is 'com.example.snacktrack.data.model.ActivityLevel', but 'com.example.snacktrack.data.model.StatisticsActivityLevel' was expected.
e: file:///home/anseto/programe/snacktrack/app/src/main/java/com/example/snacktrack/data/repository/StatisticsRepository.kt:407:56 Unresolved reference 'first'.
e: file:///home/anseto/programe/snacktrack/app/src/main/java/com/example/snacktrack/data/repository/StatisticsRepository.kt:414:19 Unresolved reference 'dogRepository'.
e: file:///home/anseto/programe/snacktrack/app/src/main/java/com/example/snacktrack/data/repository/StatisticsRepository.kt:422:53 Unresolved reference 'breed'.
e: file:///home/anseto/programe/snacktrack/app/src/main/java/com/example/snacktrack/data/repository/StatisticsRepository.kt:443:33 Unresolved reference 'currentWeight'.
e: file:///home/anseto/programe/snacktrack/app/src/main/java/com/example/snacktrack/data/repository/StatisticsRepository.kt:443:65 Overload resolution ambiguity between candidates:
@IntrinsicConstEvaluation() fun div(other: Byte): Double
@IntrinsicConstEvaluation() fun div(other: Double): Double
@IntrinsicConstEvaluation() fun div(other: Float): Double
@IntrinsicConstEvaluation() fun div(other: Int): Double
@IntrinsicConstEvaluation() fun div(other: Long): Double
@IntrinsicConstEvaluation() fun div(other: Short): Double
e: file:///home/anseto/programe/snacktrack/app/src/main/java/com/example/snacktrack/data/repository/StatisticsRepository.kt:443:71 Unresolved reference 'currentWeight'.
e: file:///home/anseto/programe/snacktrack/app/src/main/java/com/example/snacktrack/data/repository/StatisticsRepository.kt:459:13 Unresolved reference 'Season'.
e: file:///home/anseto/programe/snacktrack/app/src/main/java/com/example/snacktrack/data/repository/StatisticsRepository.kt:459:13 Argument type mismatch: actual type is 'kotlin.Pair<A, B>', but 'kotlin.Pair<K, V>' was expected.
e: file:///home/anseto/programe/snacktrack/app/src/main/java/com/example/snacktrack/data/repository/StatisticsRepository.kt:460:13 Unresolved reference 'Season'.
e: file:///home/anseto/programe/snacktrack/app/src/main/java/com/example/snacktrack/data/repository/StatisticsRepository.kt:460:13 Argument type mismatch: actual type is 'kotlin.Pair<A, B>', but 'kotlin.Pair<K, V>' was expected.
e: file:///home/anseto/programe/snacktrack/app/src/main/java/com/example/snacktrack/data/repository/StatisticsRepository.kt:461:13 Unresolved reference 'Season'.
e: file:///home/anseto/programe/snacktrack/app/src/main/java/com/example/snacktrack/data/repository/StatisticsRepository.kt:461:13 Argument type mismatch: actual type is 'kotlin.Pair<A, B>', but 'kotlin.Pair<K, V>' was expected.
e: file:///home/anseto/programe/snacktrack/app/src/main/java/com/example/snacktrack/data/repository/StatisticsRepository.kt:462:13 Unresolved reference 'Season'.
e: file:///home/anseto/programe/snacktrack/app/src/main/java/com/example/snacktrack/data/repository/StatisticsRepository.kt:462:13 Argument type mismatch: actual type is 'kotlin.Pair<A, B>', but 'kotlin.Pair<K, V>' was expected.
e: file:///home/anseto/programe/snacktrack/app/src/main/java/com/example/snacktrack/data/repository/StatisticsRepository.kt:491:56 Unresolved reference 'first'.
e: file:///home/anseto/programe/snacktrack/app/src/main/java/com/example/snacktrack/data/repository/StatisticsRepository.kt:586:33 Argument type mismatch: actual type is 'kotlin.collections.List<com.example.snacktrack.data.model.PredictedHealthIssue>', but 'kotlin.collections.List<com.example.snacktrack.data.model.HealthPrediction>' was expected.
e: file:///home/anseto/programe/snacktrack/app/src/main/java/com/example/snacktrack/data/repository/StatisticsRepository.kt:602:19 Unresolved reference 'dogRepository'.
e: file:///home/anseto/programe/snacktrack/app/src/main/java/com/example/snacktrack/data/repository/StatisticsRepository.kt:741:79 Unresolved reference 'date'.
e: file:///home/anseto/programe/snacktrack/app/src/main/java/com/example/snacktrack/data/repository/StatisticsRepository.kt:741:88 Unresolved reference 'date'.
e: file:///home/anseto/programe/snacktrack/app/src/main/java/com/example/snacktrack/data/repository/StatisticsRepository.kt:775:71 Unresolved reference 'date'.
e: file:///home/anseto/programe/snacktrack/app/src/main/java/com/example/snacktrack/data/repository/StatisticsRepository.kt:775:80 Unresolved reference 'date'.
e: file:///home/anseto/programe/snacktrack/app/src/main/java/com/example/snacktrack/data/repository/StatisticsRepository.kt:786:16 Unresolved reference 'dogRepository'.
e: file:///home/anseto/programe/snacktrack/app/src/main/java/com/example/snacktrack/data/repository/StatisticsRepository.kt:815:28 Unresolved reference 'currentWeight'.
e: file:///home/anseto/programe/snacktrack/app/src/main/java/com/example/snacktrack/data/repository/StatisticsRepository.kt:863:26 Unresolved reference 'mealType'.
e: file:///home/anseto/programe/snacktrack/app/src/main/java/com/example/snacktrack/data/repository/StatisticsRepository.kt:863:38 Unresolved reference 'MealType'.
e: file:///home/anseto/programe/snacktrack/app/src/main/java/com/example/snacktrack/data/repository/StatisticsRepository.kt:864:14 Overload resolution ambiguity between candidates:
@SinceKotlin(...) @OverloadResolutionByLambdaReturnType() @JvmName(...) @InlineOnly() fun <T> Iterable<T>.sumOf(selector: (T) -> BigDecimal): BigDecimal
@SinceKotlin(...) @OverloadResolutionByLambdaReturnType() @JvmName(...) @InlineOnly() fun <T> Iterable<T>.sumOf(selector: (T) -> BigInteger): BigInteger
@SinceKotlin(...) @OverloadResolutionByLambdaReturnType() @JvmName(...) @InlineOnly() fun <T> Iterable<T>.sumOf(selector: (T) -> Double): Double
@SinceKotlin(...) @OverloadResolutionByLambdaReturnType() @JvmName(...) @InlineOnly() fun <T> Iterable<T>.sumOf(selector: (T) -> Int): Int
@SinceKotlin(...) @OverloadResolutionByLambdaReturnType() @JvmName(...) @InlineOnly() fun <T> Iterable<T>.sumOf(selector: (T) -> Long): Long
@SinceKotlin(...) @OverloadResolutionByLambdaReturnType() @JvmName(...) @WasExperimental(...) @InlineOnly() fun <T> Iterable<T>.sumOf(selector: (T) -> UInt): UInt
@SinceKotlin(...) @OverloadResolutionByLambdaReturnType() @JvmName(...) @WasExperimental(...) @InlineOnly() fun <T> Iterable<T>.sumOf(selector: (T) -> ULong): ULong
e: file:///home/anseto/programe/snacktrack/app/src/main/java/com/example/snacktrack/data/repository/StatisticsRepository.kt:869:28 None of the following candidates is applicable:
@InlineOnly() fun BigDecimal.div(other: BigDecimal): BigDecimal
@InlineOnly() fun BigInteger.div(other: BigInteger): BigInteger
e: file:///home/anseto/programe/snacktrack/app/src/main/java/com/example/snacktrack/data/repository/StatisticsRepository.kt:869:44 None of the following candidates is applicable:
@InlineOnly() fun BigDecimal.times(other: BigDecimal): BigDecimal
@InlineOnly() fun BigInteger.times(other: BigInteger): BigInteger
e: file:///home/anseto/programe/snacktrack/app/src/main/java/com/example/snacktrack/data/repository/StatisticsRepository.kt:927:23 Unresolved reference 'HealthEntry'.
e: file:///home/anseto/programe/snacktrack/app/src/main/java/com/example/snacktrack/data/repository/StatisticsRepository.kt:941:22 'when' expression must be exhaustive. Add the 'MILD', 'MODERATE', 'SEVERE', 'CRITICAL' branches or an 'else' branch.
e: file:///home/anseto/programe/snacktrack/app/src/main/java/com/example/snacktrack/data/repository/StatisticsRepository.kt:942:17 Unresolved reference 'AllergySeverity'.
e: file:///home/anseto/programe/snacktrack/app/src/main/java/com/example/snacktrack/data/repository/StatisticsRepository.kt:943:17 Unresolved reference 'AllergySeverity'.
e: file:///home/anseto/programe/snacktrack/app/src/main/java/com/example/snacktrack/data/repository/StatisticsRepository.kt:944:17 Unresolved reference 'AllergySeverity'.
e: file:///home/anseto/programe/snacktrack/app/src/main/java/com/example/snacktrack/data/repository/StatisticsRepository.kt:951:50 Unresolved reference 'HealthEntry'.
e: file:///home/anseto/programe/snacktrack/app/src/main/java/com/example/snacktrack/data/repository/StatisticsRepository.kt:954:37 Unresolved reference. None of the following candidates is applicable because of a receiver type mismatch:
fun <T> List<T>.takeLast(n: Int): List<T>
e: file:///home/anseto/programe/snacktrack/app/src/main/java/com/example/snacktrack/data/repository/StatisticsRepository.kt:955:39 Not enough information to infer type argument for 'T'.
e: file:///home/anseto/programe/snacktrack/app/src/main/java/com/example/snacktrack/data/repository/StatisticsRepository.kt:956:40 Not enough information to infer type argument for 'T'.
e: file:///home/anseto/programe/snacktrack/app/src/main/java/com/example/snacktrack/data/repository/StatisticsRepository.kt:958:43 Not enough information to infer type argument for 'T'.
e: file:///home/anseto/programe/snacktrack/app/src/main/java/com/example/snacktrack/data/repository/StatisticsRepository.kt:958:49 Cannot infer type for this parameter. Please specify it explicitly.
e: file:///home/anseto/programe/snacktrack/app/src/main/java/com/example/snacktrack/data/repository/StatisticsRepository.kt:958:54 Unresolved reference 'veterinarianVisit'.
e: file:///home/anseto/programe/snacktrack/app/src/main/java/com/example/snacktrack/data/repository/StatisticsRepository.kt:959:45 Not enough information to infer type argument for 'T'.
e: file:///home/anseto/programe/snacktrack/app/src/main/java/com/example/snacktrack/data/repository/StatisticsRepository.kt:959:51 Cannot infer type for this parameter. Please specify it explicitly.
e: file:///home/anseto/programe/snacktrack/app/src/main/java/com/example/snacktrack/data/repository/StatisticsRepository.kt:959:56 Unresolved reference 'veterinarianVisit'.
e: file:///home/anseto/programe/snacktrack/app/src/main/java/com/example/snacktrack/data/repository/StatisticsRepository.kt:970:23 Unresolved reference 'HealthEntry'.
e: file:///home/anseto/programe/snacktrack/app/src/main/java/com/example/snacktrack/data/repository/StatisticsRepository.kt:986:23 Unresolved reference 'HealthEntry'.
e: file:///home/anseto/programe/snacktrack/app/src/main/java/com/example/snacktrack/data/repository/StatisticsRepository.kt:995:32 None of the following candidates is applicable:
@InlineOnly() fun <T> Collection<T>.count(): Int
fun <T> Iterable<T>.count(): Int
fun <T> Iterable<T>.count(predicate: (T) -> Boolean): Int
e: file:///home/anseto/programe/snacktrack/app/src/main/java/com/example/snacktrack/data/repository/StatisticsRepository.kt:995:40 Unresolved reference 'it'.
e: file:///home/anseto/programe/snacktrack/app/src/main/java/com/example/snacktrack/data/repository/StatisticsRepository.kt:996:22 'operator' modifier is required on 'FirNamedFunctionSymbol kotlin/compareTo' in 'compareTo'.
e: file:///home/anseto/programe/snacktrack/app/src/main/java/com/example/snacktrack/data/repository/StatisticsRepository.kt:1003:23 Unresolved reference 'HealthEntry'.
e: file:///home/anseto/programe/snacktrack/app/src/main/java/com/example/snacktrack/data/repository/StatisticsRepository.kt:1013:33 'when' expression must be exhaustive. Add the 'MILD', 'MODERATE', 'SEVERE', 'CRITICAL' branches or an 'else' branch.
e: file:///home/anseto/programe/snacktrack/app/src/main/java/com/example/snacktrack/data/repository/StatisticsRepository.kt:1014:25 Unresolved reference 'AllergySeverity'.
e: file:///home/anseto/programe/snacktrack/app/src/main/java/com/example/snacktrack/data/repository/StatisticsRepository.kt:1014:49 Unresolved reference 'RiskLevel'.
e: file:///home/anseto/programe/snacktrack/app/src/main/java/com/example/snacktrack/data/repository/StatisticsRepository.kt:1015:25 Unresolved reference 'AllergySeverity'.
e: file:///home/anseto/programe/snacktrack/app/src/main/java/com/example/snacktrack/data/repository/StatisticsRepository.kt:1015:53 Unresolved reference 'RiskLevel'.
e: file:///home/anseto/programe/snacktrack/app/src/main/java/com/example/snacktrack/data/repository/StatisticsRepository.kt:1016:25 Unresolved reference 'AllergySeverity'.
e: file:///home/anseto/programe/snacktrack/app/src/main/java/com/example/snacktrack/data/repository/StatisticsRepository.kt:1016:51 Unresolved reference 'RiskLevel'.
e: file:///home/anseto/programe/snacktrack/app/src/main/java/com/example/snacktrack/data/repository/StatisticsRepository.kt:1018:32 Unresolved reference 'RiskCategory'.
e: file:///home/anseto/programe/snacktrack/app/src/main/java/com/example/snacktrack/data/repository/StatisticsRepository.kt:1020:62 Unresolved reference 'AllergySeverity'.
e: file:///home/anseto/programe/snacktrack/app/src/main/java/com/example/snacktrack/data/repository/StatisticsRepository.kt:1030:23 Unresolved reference 'HealthEntry'.
e: file:///home/anseto/programe/snacktrack/app/src/main/java/com/example/snacktrack/data/repository/StatisticsRepository.kt:1034:39 None of the following candidates is applicable:
@InlineOnly() fun <T> Collection<T>.count(): Int
fun <T> Iterable<T>.count(): Int
fun <T> Iterable<T>.count(predicate: (T) -> Boolean): Int
e: file:///home/anseto/programe/snacktrack/app/src/main/java/com/example/snacktrack/data/repository/StatisticsRepository.kt:1034:47 Cannot infer type for this parameter. Please specify it explicitly.
e: file:///home/anseto/programe/snacktrack/app/src/main/java/com/example/snacktrack/data/repository/StatisticsRepository.kt:1035:19 Unresolved reference 'symptoms'.
e: file:///home/anseto/programe/snacktrack/app/src/main/java/com/example/snacktrack/data/repository/StatisticsRepository.kt:1035:34 Cannot infer type for this parameter. Please specify it explicitly.
e: file:///home/anseto/programe/snacktrack/app/src/main/java/com/example/snacktrack/data/repository/StatisticsRepository.kt:1042:41 None of the following candidates is applicable:
@InlineOnly() fun BigDecimal.times(other: BigDecimal): BigDecimal
@InlineOnly() fun BigInteger.times(other: BigInteger): BigInteger
e: file:///home/anseto/programe/snacktrack/app/src/main/java/com/example/snacktrack/data/repository/StatisticsRepository.kt:1044:27 Overload resolution ambiguity between candidates:
@IntrinsicConstEvaluation() fun minus(other: Byte): Double
@IntrinsicConstEvaluation() fun minus(other: Double): Double
@IntrinsicConstEvaluation() fun minus(other: Float): Double
@IntrinsicConstEvaluation() fun minus(other: Int): Double
@IntrinsicConstEvaluation() fun minus(other: Long): Double
@IntrinsicConstEvaluation() fun minus(other: Short): Double
e: file:///home/anseto/programe/snacktrack/app/src/main/java/com/example/snacktrack/data/repository/StatisticsRepository.kt:1048:23 Unresolved reference 'HealthEntry'.
e: file:///home/anseto/programe/snacktrack/app/src/main/java/com/example/snacktrack/data/repository/StatisticsRepository.kt:1060:57 Unresolved reference 'HealthEntry'.
e: file:///home/anseto/programe/snacktrack/app/src/main/java/com/example/snacktrack/data/repository/StatisticsRepository.kt:1061:24 Unresolved reference. None of the following candidates is applicable because of a receiver type mismatch:
fun <T, R> Iterable<T>.map(transform: (T) -> R): List<R>
e: file:///home/anseto/programe/snacktrack/app/src/main/java/com/example/snacktrack/data/repository/StatisticsRepository.kt:1061:30 Cannot infer type for this parameter. Please specify it explicitly.
e: file:///home/anseto/programe/snacktrack/app/src/main/java/com/example/snacktrack/data/repository/StatisticsRepository.kt:1063:30 Unresolved reference 'date'.
e: file:///home/anseto/programe/snacktrack/app/src/main/java/com/example/snacktrack/data/repository/StatisticsRepository.kt:1064:39 Unresolved reference 'veterinarianVisit'.
e: file:///home/anseto/programe/snacktrack/app/src/main/java/com/example/snacktrack/data/repository/StatisticsRepository.kt:1069:37 Unresolved reference 'symptoms'.
e: file:///home/anseto/programe/snacktrack/app/src/main/java/com/example/snacktrack/data/repository/StatisticsRepository.kt:1070:38 Unresolved reference 'veterinarianVisit'.
e: file:///home/anseto/programe/snacktrack/app/src/main/java/com/example/snacktrack/data/repository/StatisticsRepository.kt:1075:33 Unresolved reference 'notes'.
e: file:///home/anseto/programe/snacktrack/app/src/main/java/com/example/snacktrack/data/repository/StatisticsRepository.kt:1076:42 Unresolved reference 'notes'.
e: file:///home/anseto/programe/snacktrack/app/src/main/java/com/example/snacktrack/data/repository/StatisticsRepository.kt:1090:54 Unresolved reference 'Breed'.
e: file:///home/anseto/programe/snacktrack/app/src/main/java/com/example/snacktrack/data/repository/StatisticsRepository.kt:1096:16 Unresolved reference 'Breed'.
e: file:///home/anseto/programe/snacktrack/app/src/main/java/com/example/snacktrack/data/repository/StatisticsRepository.kt:1104:16 Unresolved reference. None of the following candidates is applicable because of a receiver type mismatch:
@InlineOnly() fun <T, R> T.let(block: (T) -> R): R
    [R|Contract description]
     <
        CallsInPlace(block, EXACTLY_ONCE)
    >
e: file:///home/anseto/programe/snacktrack/app/src/main/java/com/example/snacktrack/data/repository/StatisticsRepository.kt:1104:20 Cannot infer type for this parameter. Please specify it explicitly.
e: file:///home/anseto/programe/snacktrack/app/src/main/java/com/example/snacktrack/data/repository/StatisticsRepository.kt:1105:33 Unresolved reference 'energyLevel'.
e: file:///home/anseto/programe/snacktrack/app/src/main/java/com/example/snacktrack/data/repository/StatisticsRepository.kt:1126:58 Unresolved reference 'Breed'.
e: file:///home/anseto/programe/snacktrack/app/src/main/java/com/example/snacktrack/data/repository/StatisticsRepository.kt:1131:46 Unresolved reference 'Breed'.
e: file:///home/anseto/programe/snacktrack/app/src/main/java/com/example/snacktrack/data/repository/StatisticsRepository.kt:1139:45 Unresolved reference 'Breed'.
e: file:///home/anseto/programe/snacktrack/app/src/main/java/com/example/snacktrack/data/repository/StatisticsRepository.kt:1148:51 Unresolved reference 'Breed'.
e: file:///home/anseto/programe/snacktrack/app/src/main/java/com/example/snacktrack/data/repository/StatisticsRepository.kt:1170:19 'when' expression must be exhaustive. Add the 'VERY_LOW', 'NORMAL' branches or an 'else' branch.
e: file:///home/anseto/programe/snacktrack/app/src/main/java/com/example/snacktrack/data/repository/StatisticsRepository.kt:1171:27 Unresolved reference 'SEDENTARY'.
e: file:///home/anseto/programe/snacktrack/app/src/main/java/com/example/snacktrack/data/repository/StatisticsRepository.kt:1173:27 Unresolved reference 'MODERATE'.
e: file:///home/anseto/programe/snacktrack/app/src/main/java/com/example/snacktrack/data/repository/StatisticsRepository.kt:1183:16 'when' expression must be exhaustive. Add the 'VERY_LOW', 'NORMAL' branches or an 'else' branch.
e: file:///home/anseto/programe/snacktrack/app/src/main/java/com/example/snacktrack/data/repository/StatisticsRepository.kt:1184:27 Unresolved reference 'SEDENTARY'.
e: file:///home/anseto/programe/snacktrack/app/src/main/java/com/example/snacktrack/data/repository/StatisticsRepository.kt:1186:27 Unresolved reference 'MODERATE'.
e: file:///home/anseto/programe/snacktrack/app/src/main/java/com/example/snacktrack/data/repository/StatisticsRepository.kt:1200:48 Unresolved reference 'mealType'.
e: file:///home/anseto/programe/snacktrack/app/src/main/java/com/example/snacktrack/data/repository/StatisticsRepository.kt:1200:60 Unresolved reference 'MealType'.
e: file:///home/anseto/programe/snacktrack/app/src/main/java/com/example/snacktrack/data/repository/StatisticsRepository.kt:1256:48 Unresolved reference 'DifficultyLevel'.
e: file:///home/anseto/programe/snacktrack/app/src/main/java/com/example/snacktrack/data/repository/StatisticsRepository.kt:1294:25 Unresolved reference 'mealType'.
e: file:///home/anseto/programe/snacktrack/app/src/main/java/com/example/snacktrack/data/repository/StatisticsRepository.kt:1294:37 Unresolved reference 'MealType'.
e: file:///home/anseto/programe/snacktrack/app/src/main/java/com/example/snacktrack/data/repository/StatisticsRepository.kt:1331:60 Unresolved reference 'WeightPrediction'.
e: file:///home/anseto/programe/snacktrack/app/src/main/java/com/example/snacktrack/data/repository/StatisticsRepository.kt:1332:16 Unresolved reference 'WeightPrediction'.
e: file:///home/anseto/programe/snacktrack/app/src/main/java/com/example/snacktrack/data/repository/StatisticsRepository.kt:1420:8 Unresolved reference 'RiskAssessment'.
e: file:///home/anseto/programe/snacktrack/app/src/main/java/com/example/snacktrack/data/repository/StatisticsRepository.kt:1433:32 Unresolved reference 'RiskCategory'.
e: file:///home/anseto/programe/snacktrack/app/src/main/java/com/example/snacktrack/data/repository/StatisticsRepository.kt:1434:53 Unresolved reference 'RiskLevel'.
e: file:///home/anseto/programe/snacktrack/app/src/main/java/com/example/snacktrack/data/repository/StatisticsRepository.kt:1434:73 Unresolved reference 'RiskLevel'.
e: file:///home/anseto/programe/snacktrack/app/src/main/java/com/example/snacktrack/data/repository/StatisticsRepository.kt:1442:16 Unresolved reference 'RiskAssessment'.
e: file:///home/anseto/programe/snacktrack/app/src/main/java/com/example/snacktrack/data/repository/StatisticsRepository.kt:1484:21 Unresolved reference 'RiskLevel'.
e: file:///home/anseto/programe/snacktrack/app/src/main/java/com/example/snacktrack/data/repository/StatisticsRepository.kt:1485:21 Unresolved reference 'RiskLevel'.
e: file:///home/anseto/programe/snacktrack/app/src/main/java/com/example/snacktrack/data/repository/StatisticsRepository.kt:1486:21 Unresolved reference 'RiskLevel'.
e: file:///home/anseto/programe/snacktrack/app/src/main/java/com/example/snacktrack/data/repository/StatisticsRepository.kt:1497:15 Unresolved reference 'RiskAssessment'.
e: file:///home/anseto/programe/snacktrack/app/src/main/java/com/example/snacktrack/data/repository/StatisticsRepository.kt:1531:19 Unresolved reference 'dogRepository'.
e: file:///home/anseto/programe/snacktrack/app/src/main/java/com/example/snacktrack/data/repository/StatisticsRepository.kt:1532:55 Unresolved reference 'birthDate'.
e: file:///home/anseto/programe/snacktrack/app/src/main/java/com/example/snacktrack/data/repository/StatisticsRepository.kt:1714:34 Unresolved reference 'DataSource'.
e: file:///home/anseto/programe/snacktrack/app/src/main/java/com/example/snacktrack/data/repository/TeamFeaturesRepository.kt:30:70 Too many arguments for 'public constructor(context: android/content/Context): com/example/snacktrack/data/repository/FoodIntakeRepository'.
e: file:///home/anseto/programe/snacktrack/app/src/main/java/com/example/snacktrack/data/repository/TeamFeaturesRepository.kt:325:60 Unresolved reference 'first'.
e: file:///home/anseto/programe/snacktrack/app/src/main/java/com/example/snacktrack/data/service/AppwriteService.kt:116:16 Return type mismatch: expected 'kotlin.String?', actual 'io.appwrite.models.User<kotlin.collections.Map<kotlin.String, kotlin.Any>>?'.
e: file:///home/anseto/programe/snacktrack/app/src/main/java/com/example/snacktrack/data/service/AppwriteService.kt:117:13 Syntax error: Qualified expression without selector.
e: file:///home/anseto/programe/snacktrack/app/src/main/java/com/example/snacktrack/data/service/AppwriteService.kt:117:27 Syntax error: Expecting an element.
e: file:///home/anseto/programe/snacktrack/app/src/main/java/com/example/snacktrack/ui/screens/ai/AIRecommendationsScreen.kt:45:17 No parameter with name 'navController' found.
e: file:///home/anseto/programe/snacktrack/app/src/main/java/com/example/snacktrack/ui/screens/ai/AIRecommendationsScreen.kt:47:21 @Composable invocations can only happen from the context of a @Composable function
e: file:///home/anseto/programe/snacktrack/app/src/main/java/com/example/snacktrack/ui/screens/ai/AIRecommendationsScreen.kt:95:38 Unresolved reference 'RecommendationType'.
e: file:///home/anseto/programe/snacktrack/app/src/main/java/com/example/snacktrack/ui/screens/ai/AIRecommendationsScreen.kt:121:20 Unresolved reference 'RecommendationType'.
e: file:///home/anseto/programe/snacktrack/app/src/main/java/com/example/snacktrack/ui/screens/ai/AIRecommendationsScreen.kt:154:29 Unresolved reference 'RecommendationType'.
e: file:///home/anseto/programe/snacktrack/app/src/main/java/com/example/snacktrack/ui/screens/ai/AIRecommendationsScreen.kt:154:67 Cannot infer type for this parameter. Please specify it explicitly.
e: file:///home/anseto/programe/snacktrack/app/src/main/java/com/example/snacktrack/ui/screens/ai/AIRecommendationsScreen.kt:155:33 @Composable invocations can only happen from the context of a @Composable function
e: file:///home/anseto/programe/snacktrack/app/src/main/java/com/example/snacktrack/ui/screens/ai/AIRecommendationsScreen.kt:160:45 'when' expression must be exhaustive. Add an 'else' branch.
e: file:///home/anseto/programe/snacktrack/app/src/main/java/com/example/snacktrack/ui/screens/ai/AIRecommendationsScreen.kt:161:49 Unresolved reference 'RecommendationType'.
e: file:///home/anseto/programe/snacktrack/app/src/main/java/com/example/snacktrack/ui/screens/ai/AIRecommendationsScreen.kt:162:49 Unresolved reference 'RecommendationType'.
e: file:///home/anseto/programe/snacktrack/app/src/main/java/com/example/snacktrack/ui/screens/ai/AIRecommendationsScreen.kt:163:49 Unresolved reference 'RecommendationType'.
e: file:///home/anseto/programe/snacktrack/app/src/main/java/com/example/snacktrack/ui/screens/ai/AIRecommendationsScreen.kt:164:49 Unresolved reference 'RecommendationType'.
e: file:///home/anseto/programe/snacktrack/app/src/main/java/com/example/snacktrack/ui/screens/ai/AIRecommendationsScreen.kt:165:49 Unresolved reference 'RecommendationType'.
e: file:///home/anseto/programe/snacktrack/app/src/main/java/com/example/snacktrack/ui/screens/ai/AIRecommendationsScreen.kt:166:49 Unresolved reference 'RecommendationType'.
e: file:///home/anseto/programe/snacktrack/app/src/main/java/com/example/snacktrack/ui/screens/ai/AIRecommendationsScreen.kt:399:17 Unresolved reference 'WeightPrediction'.
e: file:///home/anseto/programe/snacktrack/app/src/main/java/com/example/snacktrack/ui/screens/ai/AIRecommendationsScreen.kt:451:43 Unresolved reference 'currentWeight'.
e: file:///home/anseto/programe/snacktrack/app/src/main/java/com/example/snacktrack/ui/screens/ai/AIRecommendationsScreen.kt:475:36 Unresolved reference 'predictions'.
e: file:///home/anseto/programe/snacktrack/app/src/main/java/com/example/snacktrack/ui/screens/ai/AIRecommendationsScreen.kt:475:56 Overload resolution ambiguity between candidates:
@HidesMembers() fun <T> Iterable<T>.forEach(action: (T) -> Unit): Unit
@HidesMembers() fun <K, V> Map<out K, V>.forEach(action: (Map.Entry<K, V>) -> Unit): Unit
e: file:///home/anseto/programe/snacktrack/app/src/main/java/com/example/snacktrack/ui/screens/ai/AIRecommendationsScreen.kt:475:66 Cannot infer type for this parameter. Please specify it explicitly.
e: file:///home/anseto/programe/snacktrack/app/src/main/java/com/example/snacktrack/ui/screens/ai/AIRecommendationsScreen.kt:476:29 @Composable invocations can only happen from the context of a @Composable function
e: file:///home/anseto/programe/snacktrack/app/src/main/java/com/example/snacktrack/ui/screens/ai/AIRecommendationsScreen.kt:483:43 Unresolved reference 'date'.
e: file:///home/anseto/programe/snacktrack/app/src/main/java/com/example/snacktrack/ui/screens/ai/AIRecommendationsScreen.kt:488:72 Unresolved reference 'predictedWeight'.
e: file:///home/anseto/programe/snacktrack/app/src/main/java/com/example/snacktrack/ui/screens/ai/AIRecommendationsScreen.kt:494:52 Unresolved reference 'confidenceLevel'.
e: file:///home/anseto/programe/snacktrack/app/src/main/java/com/example/snacktrack/ui/screens/ai/AIRecommendationsScreen.kt:520:50 Unresolved reference 'factors'.
e: file:///home/anseto/programe/snacktrack/app/src/main/java/com/example/snacktrack/ui/screens/barcode/BarcodeScannerScreen.kt:36:31 Unresolved reference 'permissions'.
e: file:///home/anseto/programe/snacktrack/app/src/main/java/com/example/snacktrack/ui/screens/barcode/BarcodeScannerScreen.kt:37:31 Unresolved reference 'permissions'.
e: file:///home/anseto/programe/snacktrack/app/src/main/java/com/example/snacktrack/ui/screens/barcode/BarcodeScannerScreen.kt:38:31 Unresolved reference 'permissions'.
e: file:///home/anseto/programe/snacktrack/app/src/main/java/com/example/snacktrack/ui/screens/barcode/BarcodeScannerScreen.kt:39:31 Unresolved reference 'permissions'.
e: file:///home/anseto/programe/snacktrack/app/src/main/java/com/example/snacktrack/ui/screens/barcode/BarcodeScannerScreen.kt:43:41 Unresolved reference 'ExperimentalPermissionsApi'.
e: file:///home/anseto/programe/snacktrack/app/src/main/java/com/example/snacktrack/ui/screens/barcode/BarcodeScannerScreen.kt:43:41 Annotation argument must be a compile-time constant.
e: file:///home/anseto/programe/snacktrack/app/src/main/java/com/example/snacktrack/ui/screens/barcode/BarcodeScannerScreen.kt:51:33 Unresolved reference 'rememberPermissionState'.
e: file:///home/anseto/programe/snacktrack/app/src/main/java/com/example/snacktrack/ui/screens/barcode/BarcodeScannerScreen.kt:80:45 Unresolved reference 'inventoryCount'.
e: file:///home/anseto/programe/snacktrack/app/src/main/java/com/example/snacktrack/ui/screens/barcode/BarcodeScannerScreen.kt:97:35 Unresolved reference 'onBarcodeScanned'.
e: file:///home/anseto/programe/snacktrack/app/src/main/java/com/example/snacktrack/ui/screens/barcode/BarcodeScannerScreen.kt:116:49 Unresolved reference 'allergenAlert'.
e: file:///home/anseto/programe/snacktrack/app/src/main/java/com/example/snacktrack/ui/screens/barcode/BarcodeScannerScreen.kt:118:71 No value passed for parameter 'quantity'.
e: file:///home/anseto/programe/snacktrack/app/src/main/java/com/example/snacktrack/ui/screens/barcode/BarcodeScannerScreen.kt:118:71 No value passed for parameter 'unit'.
e: file:///home/anseto/programe/snacktrack/app/src/main/java/com/example/snacktrack/ui/screens/barcode/BarcodeScannerScreen.kt:120:49 Unresolved reference 'clearScanResult'.
e: file:///home/anseto/programe/snacktrack/app/src/main/java/com/example/snacktrack/ui/screens/barcode/BarcodeScannerScreen.kt:151:43 Unresolved reference 'addToShoppingList'.
e: file:///home/anseto/programe/snacktrack/app/src/main/java/com/example/snacktrack/ui/screens/barcode/BarcodeScannerScreen.kt:158:32 Unresolved reference 'comparisonProducts'.
e: file:///home/anseto/programe/snacktrack/app/src/main/java/com/example/snacktrack/ui/screens/barcode/BarcodeScannerScreen.kt:159:34 Unresolved reference 'productComparison'.
e: file:///home/anseto/programe/snacktrack/app/src/main/java/com/example/snacktrack/ui/screens/barcode/BarcodeScannerScreen.kt:171:27 Unresolved reference 'updateInventory'.
e: file:///home/anseto/programe/snacktrack/app/src/main/java/com/example/snacktrack/ui/screens/barcode/BarcodeScannerScreen.kt:792:36 Argument type mismatch: actual type is 'kotlin.Comparator<T>', but 'androidx.compose.ui.Modifier' was expected.
e: file:///home/anseto/programe/snacktrack/app/src/main/java/com/example/snacktrack/ui/screens/barcode/BarcodeScannerScreen.kt:795:30 Unresolved reference 'clickable'.
e: file:///home/anseto/programe/snacktrack/app/src/main/java/com/example/snacktrack/ui/screens/barcode/BarcodeScannerScreen.kt:798:46 Unresolved reference 'border'.
e: file:///home/anseto/programe/snacktrack/app/src/main/java/com/example/snacktrack/ui/screens/barcode/BarcodeScannerScreen.kt:1079:13 Unresolved reference 'LazyRow'.
e: file:///home/anseto/programe/snacktrack/app/src/main/java/com/example/snacktrack/ui/screens/barcode/BarcodeScannerScreen.kt:1082:17 None of the following candidates is applicable:
@ComposableInferredTarget(...) fun <T> LazyListScope.items(items: Array<T>, noinline key: ((@ParameterName(...) T) -> Any)? = ..., noinline contentType: (@ParameterName(...) T) -> Any? = ..., crossinline itemContent: @Composable() ComposableFunction2<LazyItemScope, @ParameterName(...) T, Unit>): Unit
@ComposableInferredTarget(...) fun <T> LazyListScope.items(items: List<T>, noinline key: ((@ParameterName(...) T) -> Any)? = ..., noinline contentType: (@ParameterName(...) T) -> Any? = ..., crossinline itemContent: @Composable() ComposableFunction2<LazyItemScope, @ParameterName(...) T, Unit>): Unit
e: file:///home/anseto/programe/snacktrack/app/src/main/java/com/example/snacktrack/ui/screens/barcode/BarcodeScannerScreen.kt:1082:35 Cannot infer type for this parameter. Please specify it explicitly.
e: file:///home/anseto/programe/snacktrack/app/src/main/java/com/example/snacktrack/ui/screens/barcode/BarcodeScannerScreen.kt:1083:21 @Composable invocations can only happen from the context of a @Composable function
e: file:///home/anseto/programe/snacktrack/app/src/main/java/com/example/snacktrack/ui/screens/barcode/BarcodeScannerScreen.kt:1086:17 Unresolved reference 'item'.
e: file:///home/anseto/programe/snacktrack/app/src/main/java/com/example/snacktrack/ui/screens/barcode/BarcodeScannerScreen.kt:1087:21 @Composable invocations can only happen from the context of a @Composable function
e: file:///home/anseto/programe/snacktrack/app/src/main/java/com/example/snacktrack/ui/screens/barcode/BarcodeScannerScreen.kt:1090:30 Unresolved reference 'clickable'.
e: file:///home/anseto/programe/snacktrack/app/src/main/java/com/example/snacktrack/ui/screens/barcode/BarcodeScannerScreen.kt:1091:47 @Composable invocations can only happen from the context of a @Composable function
e: file:///home/anseto/programe/snacktrack/app/src/main/java/com/example/snacktrack/ui/screens/barcode/BarcodeScannerScreen.kt:1092:60 @Composable invocations can only happen from the context of a @Composable function
e: file:///home/anseto/programe/snacktrack/app/src/main/java/com/example/snacktrack/ui/screens/barcode/BarcodeScannerScreen.kt:1471:56 Unresolved reference 'DateTimeFormatter'.
e: file:///home/anseto/programe/snacktrack/app/src/main/java/com/example/snacktrack/ui/screens/barcode/BarcodeScannerScreen.kt:1473:54 Unresolved reference 'LocalDateTime'.
e: file:///home/anseto/programe/snacktrack/app/src/main/java/com/example/snacktrack/ui/screens/barcode/BarcodeScannerScreen.kt:1516:39 Unresolved reference 'KeyboardOptions'.
e: file:///home/anseto/programe/snacktrack/app/src/main/java/com/example/snacktrack/ui/screens/barcode/BarcodeScannerScreen.kt:1516:70 Unresolved reference 'KeyboardType'.
e: file:///home/anseto/programe/snacktrack/app/src/main/java/com/example/snacktrack/ui/screens/barcode/BarcodeScannerScreen.kt:1654:27 Unresolved reference 'BarcodeScanning'.
e: file:///home/anseto/programe/snacktrack/app/src/main/java/com/example/snacktrack/ui/screens/barcode/BarcodeScannerScreen.kt:1667:25 Unresolved reference 'InputImage'.
e: file:///home/anseto/programe/snacktrack/app/src/main/java/com/example/snacktrack/ui/screens/barcode/BarcodeScannerScreen.kt:1670:41 Cannot infer type for this parameter. Please specify it explicitly.
e: file:///home/anseto/programe/snacktrack/app/src/main/java/com/example/snacktrack/ui/screens/barcode/BarcodeScannerScreen.kt:1671:30 Overload resolution ambiguity between candidates:
fun <T> Array<out T>.firstOrNull(): T?
fun BooleanArray.firstOrNull(): Boolean?
fun ByteArray.firstOrNull(): Byte?
fun CharArray.firstOrNull(): Char?
fun DoubleArray.firstOrNull(): Double?
fun FloatArray.firstOrNull(): Float?
fun IntArray.firstOrNull(): Int?
fun LongArray.firstOrNull(): Long?
fun ShortArray.firstOrNull(): Short?
fun <T> Iterable<T>.firstOrNull(): T?
fun <T> List<T>.firstOrNull(): T?
@SinceKotlin(...) @ExperimentalUnsignedTypes() fun UByteArray.firstOrNull(): UByte?
@SinceKotlin(...) @ExperimentalUnsignedTypes() fun UIntArray.firstOrNull(): UInt?
@SinceKotlin(...) @ExperimentalUnsignedTypes() fun ULongArray.firstOrNull(): ULong?
@SinceKotlin(...) @ExperimentalUnsignedTypes() fun UShortArray.firstOrNull(): UShort?
@SinceKotlin(...) fun CharProgression.firstOrNull(): Char?
@SinceKotlin(...) fun IntProgression.firstOrNull(): Int?
@SinceKotlin(...) fun LongProgression.firstOrNull(): Long?
@SinceKotlin(...) fun UIntProgression.firstOrNull(): UInt?
@SinceKotlin(...) fun ULongProgression.firstOrNull(): ULong?
fun <T> Sequence<T>.firstOrNull(): T?
fun CharSequence.firstOrNull(): Char?
e: file:///home/anseto/programe/snacktrack/app/src/main/java/com/example/snacktrack/ui/screens/barcode/BarcodeScannerScreen.kt:1671:45 Unresolved reference 'rawValue'.
e: file:///home/anseto/programe/snacktrack/app/src/main/java/com/example/snacktrack/ui/screens/barcode/BarcodeScannerScreen.kt:1671:61 Cannot infer type for this parameter. Please specify it explicitly.
e: file:///home/anseto/programe/snacktrack/app/src/main/java/com/example/snacktrack/ui/screens/community/CommunityHubScreen.kt:29:17 No parameter with name 'navController' found.
e: file:///home/anseto/programe/snacktrack/app/src/main/java/com/example/snacktrack/ui/screens/export/ExportIntegrationScreen.kt:28:17 No parameter with name 'navController' found.
e: file:///home/anseto/programe/snacktrack/app/src/main/java/com/example/snacktrack/ui/screens/health/HealthDashboardScreen.kt:38:17 No parameter with name 'navController' found.
e: file:///home/anseto/programe/snacktrack/app/src/main/java/com/example/snacktrack/ui/screens/health/HealthDashboardScreen.kt:40:21 @Composable invocations can only happen from the context of a @Composable function
e: file:///home/anseto/programe/snacktrack/app/src/main/java/com/example/snacktrack/ui/screens/health/HealthDashboardScreen.kt:246:17 Unresolved reference 'AllergySeverity'.
e: file:///home/anseto/programe/snacktrack/app/src/main/java/com/example/snacktrack/ui/screens/health/HealthDashboardScreen.kt:247:17 Unresolved reference 'AllergySeverity'.
e: file:///home/anseto/programe/snacktrack/app/src/main/java/com/example/snacktrack/ui/screens/health/HealthDashboardScreen.kt:248:17 Unresolved reference 'AllergySeverity'.
e: file:///home/anseto/programe/snacktrack/app/src/main/java/com/example/snacktrack/ui/screens/health/HealthDashboardScreen.kt:345:36 Unresolved reference 'MedicationReminder'.
e: file:///home/anseto/programe/snacktrack/app/src/main/java/com/example/snacktrack/ui/screens/health/HealthDashboardScreen.kt:362:26 Unresolved reference 'scheduledTime'.
e: file:///home/anseto/programe/snacktrack/app/src/main/java/com/example/snacktrack/ui/screens/health/HealthDashboardScreen.kt:366:9 Overload resolution ambiguity between candidates:
@Composable() @ComposableTarget(...) fun Text(text: AnnotatedString, modifier: Modifier = ..., color: Color = ..., fontSize: TextUnit = ..., fontStyle: FontStyle? = ..., fontWeight: FontWeight? = ..., fontFamily: FontFamily? = ..., letterSpacing: TextUnit = ..., textDecoration: TextDecoration? = ..., textAlign: TextAlign? = ..., lineHeight: TextUnit = ..., overflow: TextOverflow = ..., softWrap: Boolean = ..., maxLines: Int = ..., minLines: Int = ..., inlineContent: Map<String, InlineTextContent> = ..., onTextLayout: (TextLayoutResult) -> Unit = ..., style: TextStyle = ...): Unit
@Composable() @ComposableTarget(...) fun Text(text: String, modifier: Modifier = ..., color: Color = ..., fontSize: TextUnit = ..., fontStyle: FontStyle? = ..., fontWeight: FontWeight? = ..., fontFamily: FontFamily? = ..., letterSpacing: TextUnit = ..., textDecoration: TextDecoration? = ..., textAlign: TextAlign? = ..., lineHeight: TextUnit = ..., overflow: TextOverflow = ..., softWrap: Boolean = ..., maxLines: Int = ..., minLines: Int = ..., onTextLayout: ((TextLayoutResult) -> Unit)? = ..., style: TextStyle = ...): Unit
e: file:///home/anseto/programe/snacktrack/app/src/main/java/com/example/snacktrack/ui/screens/health/HealthDashboardScreen.kt:367:22 Unresolved reference 'medication'.
e: file:///home/anseto/programe/snacktrack/app/src/main/java/com/example/snacktrack/ui/screens/health/HealthDashboardScreen.kt:418:34 Unresolved reference 'HealthInsight'.
e: file:///home/anseto/programe/snacktrack/app/src/main/java/com/example/snacktrack/ui/screens/health/HealthDashboardScreen.kt:431:13 Overload resolution ambiguity between candidates:
@Composable() @ComposableTarget(...) fun Icon(bitmap: ImageBitmap, contentDescription: String?, modifier: Modifier = ..., tint: Color = ...): Unit
@Composable() @ComposableTarget(...) fun Icon(painter: Painter, contentDescription: String?, modifier: Modifier = ..., tint: Color = ...): Unit
@Composable() @ComposableTarget(...) fun Icon(imageVector: ImageVector, contentDescription: String?, modifier: Modifier = ..., tint: Color = ...): Unit
e: file:///home/anseto/programe/snacktrack/app/src/main/java/com/example/snacktrack/ui/screens/health/HealthDashboardScreen.kt:432:25 Unresolved reference 'icon'.
e: file:///home/anseto/programe/snacktrack/app/src/main/java/com/example/snacktrack/ui/screens/health/HealthDashboardScreen.kt:439:17 Overload resolution ambiguity between candidates:
@Composable() @ComposableTarget(...) fun Text(text: AnnotatedString, modifier: Modifier = ..., color: Color = ..., fontSize: TextUnit = ..., fontStyle: FontStyle? = ..., fontWeight: FontWeight? = ..., fontFamily: FontFamily? = ..., letterSpacing: TextUnit = ..., textDecoration: TextDecoration? = ..., textAlign: TextAlign? = ..., lineHeight: TextUnit = ..., overflow: TextOverflow = ..., softWrap: Boolean = ..., maxLines: Int = ..., minLines: Int = ..., inlineContent: Map<String, InlineTextContent> = ..., onTextLayout: (TextLayoutResult) -> Unit = ..., style: TextStyle = ...): Unit
@Composable() @ComposableTarget(...) fun Text(text: String, modifier: Modifier = ..., color: Color = ..., fontSize: TextUnit = ..., fontStyle: FontStyle? = ..., fontWeight: FontWeight? = ..., fontFamily: FontFamily? = ..., letterSpacing: TextUnit = ..., textDecoration: TextDecoration? = ..., textAlign: TextAlign? = ..., lineHeight: TextUnit = ..., overflow: TextOverflow = ..., softWrap: Boolean = ..., maxLines: Int = ..., minLines: Int = ..., onTextLayout: ((TextLayoutResult) -> Unit)? = ..., style: TextStyle = ...): Unit
e: file:///home/anseto/programe/snacktrack/app/src/main/java/com/example/snacktrack/ui/screens/health/HealthDashboardScreen.kt:440:29 Unresolved reference 'title'.
e: file:///home/anseto/programe/snacktrack/app/src/main/java/com/example/snacktrack/ui/screens/health/HealthDashboardScreen.kt:444:17 Overload resolution ambiguity between candidates:
@Composable() @ComposableTarget(...) fun Text(text: AnnotatedString, modifier: Modifier = ..., color: Color = ..., fontSize: TextUnit = ..., fontStyle: FontStyle? = ..., fontWeight: FontWeight? = ..., fontFamily: FontFamily? = ..., letterSpacing: TextUnit = ..., textDecoration: TextDecoration? = ..., textAlign: TextAlign? = ..., lineHeight: TextUnit = ..., overflow: TextOverflow = ..., softWrap: Boolean = ..., maxLines: Int = ..., minLines: Int = ..., inlineContent: Map<String, InlineTextContent> = ..., onTextLayout: (TextLayoutResult) -> Unit = ..., style: TextStyle = ...): Unit
@Composable() @ComposableTarget(...) fun Text(text: String, modifier: Modifier = ..., color: Color = ..., fontSize: TextUnit = ..., fontStyle: FontStyle? = ..., fontWeight: FontWeight? = ..., fontFamily: FontFamily? = ..., letterSpacing: TextUnit = ..., textDecoration: TextDecoration? = ..., textAlign: TextAlign? = ..., lineHeight: TextUnit = ..., overflow: TextOverflow = ..., softWrap: Boolean = ..., maxLines: Int = ..., minLines: Int = ..., onTextLayout: ((TextLayoutResult) -> Unit)? = ..., style: TextStyle = ...): Unit
e: file:///home/anseto/programe/snacktrack/app/src/main/java/com/example/snacktrack/ui/screens/health/HealthDashboardScreen.kt:445:29 Unresolved reference 'description'.
e: file:///home/anseto/programe/snacktrack/app/src/main/java/com/example/snacktrack/ui/screens/nutrition/NutritionDashboardScreen.kt:44:17 No parameter with name 'navController' found.
e: file:///home/anseto/programe/snacktrack/app/src/main/java/com/example/snacktrack/ui/screens/nutrition/NutritionDashboardScreen.kt:46:21 @Composable invocations can only happen from the context of a @Composable function
e: file:///home/anseto/programe/snacktrack/app/src/main/java/com/example/snacktrack/ui/screens/nutrition/NutritionDashboardScreen.kt:112:43 Smart cast to 'com.example.snacktrack.data.model.NutritionAnalysis' is impossible, because 'nutritionAnalysis' is a delegated property.
e: file:///home/anseto/programe/snacktrack/app/src/main/java/com/example/snacktrack/ui/screens/nutrition/NutritionDashboardScreen.kt:428:17 None of the following candidates is applicable:
@Composable() @ComposableTarget(...) fun LinearProgressIndicator(progress: () -> Float, modifier: Modifier = ..., color: Color = ..., trackColor: Color = ..., strokeCap: StrokeCap = ...): Unit
@Deprecated(...) @Composable() @ComposableTarget(...) fun LinearProgressIndicator(progress: Float, modifier: Modifier = ..., color: Color = ..., trackColor: Color = ..., strokeCap: StrokeCap = ...): Unit
e: file:///home/anseto/programe/snacktrack/app/src/main/java/com/example/snacktrack/ui/screens/nutrition/NutritionDashboardScreen.kt:429:50 Argument type mismatch: actual type is 'kotlin.Float', but 'kotlin.Double' was expected.
e: file:///home/anseto/programe/snacktrack/app/src/main/java/com/example/snacktrack/ui/screens/nutrition/NutritionDashboardScreen.kt:429:54 Argument type mismatch: actual type is 'kotlin.Float', but 'kotlin.Double' was expected.
e: file:///home/anseto/programe/snacktrack/app/src/main/java/com/example/snacktrack/ui/screens/offline/OfflineSettingsScreen.kt:43:17 No parameter with name 'navController' found.
e: file:///home/anseto/programe/snacktrack/app/src/main/java/com/example/snacktrack/ui/screens/offline/OfflineSettingsScreen.kt:46:25 @Composable invocations can only happen from the context of a @Composable function
e: file:///home/anseto/programe/snacktrack/app/src/main/java/com/example/snacktrack/ui/screens/offline/OfflineSettingsScreen.kt:53:25 @Composable invocations can only happen from the context of a @Composable function
e: file:///home/anseto/programe/snacktrack/app/src/main/java/com/example/snacktrack/ui/screens/offline/OfflineSettingsScreen.kt:240:45 'when' expression must be exhaustive. Add the 'ON_APP_OPEN', 'EVERY_HOUR', 'EVERY_6_HOURS', 'DAILY', 'ON_DEMAND' branches or an 'else' branch.
e: file:///home/anseto/programe/snacktrack/app/src/main/java/com/example/snacktrack/ui/screens/offline/OfflineSettingsScreen.kt:241:41 Unresolved reference 'SyncInterval'.
e: file:///home/anseto/programe/snacktrack/app/src/main/java/com/example/snacktrack/ui/screens/offline/OfflineSettingsScreen.kt:242:41 Unresolved reference 'SyncInterval'.
e: file:///home/anseto/programe/snacktrack/app/src/main/java/com/example/snacktrack/ui/screens/offline/OfflineSettingsScreen.kt:243:41 Unresolved reference 'SyncInterval'.
e: file:///home/anseto/programe/snacktrack/app/src/main/java/com/example/snacktrack/ui/screens/offline/OfflineSettingsScreen.kt:244:41 Unresolved reference 'SyncInterval'.
e: file:///home/anseto/programe/snacktrack/app/src/main/java/com/example/snacktrack/ui/screens/offline/OfflineSettingsScreen.kt:245:41 Unresolved reference 'SyncInterval'.
e: file:///home/anseto/programe/snacktrack/app/src/main/java/com/example/snacktrack/ui/screens/offline/OfflineSettingsScreen.kt:259:37 Unresolved reference 'SyncInterval'.
e: file:///home/anseto/programe/snacktrack/app/src/main/java/com/example/snacktrack/ui/screens/offline/OfflineSettingsScreen.kt:259:69 Cannot infer type for this parameter. Please specify it explicitly.
e: file:///home/anseto/programe/snacktrack/app/src/main/java/com/example/snacktrack/ui/screens/offline/OfflineSettingsScreen.kt:260:41 @Composable invocations can only happen from the context of a @Composable function
e: file:///home/anseto/programe/snacktrack/app/src/main/java/com/example/snacktrack/ui/screens/offline/OfflineSettingsScreen.kt:263:53 'when' expression must be exhaustive. Add an 'else' branch.
e: file:///home/anseto/programe/snacktrack/app/src/main/java/com/example/snacktrack/ui/screens/offline/OfflineSettingsScreen.kt:264:57 Unresolved reference 'SyncInterval'.
e: file:///home/anseto/programe/snacktrack/app/src/main/java/com/example/snacktrack/ui/screens/offline/OfflineSettingsScreen.kt:265:57 Unresolved reference 'SyncInterval'.
e: file:///home/anseto/programe/snacktrack/app/src/main/java/com/example/snacktrack/ui/screens/offline/OfflineSettingsScreen.kt:266:57 Unresolved reference 'SyncInterval'.
e: file:///home/anseto/programe/snacktrack/app/src/main/java/com/example/snacktrack/ui/screens/offline/OfflineSettingsScreen.kt:267:57 Unresolved reference 'SyncInterval'.
e: file:///home/anseto/programe/snacktrack/app/src/main/java/com/example/snacktrack/ui/screens/offline/OfflineSettingsScreen.kt:268:57 Unresolved reference 'SyncInterval'.
e: file:///home/anseto/programe/snacktrack/app/src/main/java/com/example/snacktrack/ui/screens/offline/OfflineSettingsScreen.kt:423:45 Unresolved reference 'conflicts'.
e: file:///home/anseto/programe/snacktrack/app/src/main/java/com/example/snacktrack/ui/screens/offline/OfflineSettingsScreen.kt:427:57 Unresolved reference 'conflicts'.
e: file:///home/anseto/programe/snacktrack/app/src/main/java/com/example/snacktrack/ui/screens/offline/OfflineSettingsScreen.kt:471:41 Unresolved reference 'conflicts'.
e: file:///home/anseto/programe/snacktrack/app/src/main/java/com/example/snacktrack/ui/screens/offline/OfflineSettingsScreen.kt:479:53 Unresolved reference 'conflicts'.
e: file:///home/anseto/programe/snacktrack/app/src/main/java/com/example/snacktrack/ui/screens/offline/OfflineSettingsScreen.kt:1149:25 Unresolved reference 'LocalDateTime'.
e: file:///home/anseto/programe/snacktrack/app/src/main/java/com/example/snacktrack/ui/screens/offline/OfflineSettingsScreen.kt:1150:26 Unresolved reference 'LocalDateTime'.
e: file:///home/anseto/programe/snacktrack/app/src/main/java/com/example/snacktrack/ui/screens/prevention/PreventionDashboardScreen.kt:135:14 Unresolved reference 'PreventionUiState'.
e: file:///home/anseto/programe/snacktrack/app/src/main/java/com/example/snacktrack/ui/screens/prevention/PreventionDashboardScreen.kt:143:38 Unresolved reference 'riskAssessment'.
e: file:///home/anseto/programe/snacktrack/app/src/main/java/com/example/snacktrack/ui/screens/prevention/PreventionDashboardScreen.kt:153:39 Unresolved reference 'upcomingTasks'.
e: file:///home/anseto/programe/snacktrack/app/src/main/java/com/example/snacktrack/ui/screens/prevention/PreventionDashboardScreen.kt:158:42 Unresolved reference 'recentActivities'.
e: file:///home/anseto/programe/snacktrack/app/src/main/java/com/example/snacktrack/ui/screens/prevention/PreventionDashboardScreen.kt:162:21 Unresolved reference 'analytics'.
e: file:///home/anseto/programe/snacktrack/app/src/main/java/com/example/snacktrack/ui/screens/prevention/PreventionDashboardScreen.kt:164:47 Unresolved reference 'analytics'.
e: file:///home/anseto/programe/snacktrack/app/src/main/java/com/example/snacktrack/ui/screens/prevention/PreventionDashboardScreen.kt:171:46 Unresolved reference 'RiskAssessment'.
e: file:///home/anseto/programe/snacktrack/app/src/main/java/com/example/snacktrack/ui/screens/prevention/PreventionDashboardScreen.kt:177:32 Unresolved reference 'overallRiskScore'.
e: file:///home/anseto/programe/snacktrack/app/src/main/java/com/example/snacktrack/ui/screens/prevention/PreventionDashboardScreen.kt:178:32 Unresolved reference 'overallRiskScore'.
e: file:///home/anseto/programe/snacktrack/app/src/main/java/com/example/snacktrack/ui/screens/prevention/PreventionDashboardScreen.kt:197:33 Unresolved reference. None of the following candidates is applicable because of a receiver type mismatch:
@InlineOnly() fun <T, R> T.let(block: (T) -> R): R
    [R|Contract description]
     <
        CallsInPlace(block, EXACTLY_ONCE)
    >
e: file:///home/anseto/programe/snacktrack/app/src/main/java/com/example/snacktrack/ui/screens/prevention/PreventionDashboardScreen.kt:197:39 Cannot infer type for this parameter. Please specify it explicitly.
e: file:///home/anseto/programe/snacktrack/app/src/main/java/com/example/snacktrack/ui/screens/prevention/PreventionDashboardScreen.kt:199:36 Unresolved reference 'overallRiskScore'.
e: file:///home/anseto/programe/snacktrack/app/src/main/java/com/example/snacktrack/ui/screens/prevention/PreventionDashboardScreen.kt:200:36 Unresolved reference 'overallRiskScore'.
e: file:///home/anseto/programe/snacktrack/app/src/main/java/com/example/snacktrack/ui/screens/prevention/PreventionDashboardScreen.kt:204:21 @Composable invocations can only happen from the context of a @Composable function
e: file:///home/anseto/programe/snacktrack/app/src/main/java/com/example/snacktrack/ui/screens/prevention/PreventionDashboardScreen.kt:206:40 Unresolved reference 'overallRiskScore'.
e: file:///home/anseto/programe/snacktrack/app/src/main/java/com/example/snacktrack/ui/screens/prevention/PreventionDashboardScreen.kt:207:40 Unresolved reference 'overallRiskScore'.
e: file:///home/anseto/programe/snacktrack/app/src/main/java/com/example/snacktrack/ui/screens/prevention/PreventionDashboardScreen.kt:225:49 Unresolved reference 'overallRiskScore'.
e: file:///home/anseto/programe/snacktrack/app/src/main/java/com/example/snacktrack/ui/screens/prevention/PreventionDashboardScreen.kt:228:40 Unresolved reference 'overallRiskScore'.
e: file:///home/anseto/programe/snacktrack/app/src/main/java/com/example/snacktrack/ui/screens/prevention/PreventionDashboardScreen.kt:229:40 Unresolved reference 'overallRiskScore'.
e: file:///home/anseto/programe/snacktrack/app/src/main/java/com/example/snacktrack/ui/screens/prevention/PreventionDashboardScreen.kt:237:61 Unresolved reference 'overallRiskScore'.
e: file:///home/anseto/programe/snacktrack/app/src/main/java/com/example/snacktrack/ui/screens/prevention/PreventionDashboardScreen.kt:243:36 Unresolved reference 'recommendations'.
e: file:///home/anseto/programe/snacktrack/app/src/main/java/com/example/snacktrack/ui/screens/prevention/PreventionDashboardScreen.kt:251:36 Unresolved reference 'recommendations'.
e: file:///home/anseto/programe/snacktrack/app/src/main/java/com/example/snacktrack/ui/screens/prevention/PreventionDashboardScreen.kt:251:60 Overload resolution ambiguity between candidates:
@HidesMembers() fun <T> Iterable<T>.forEach(action: (T) -> Unit): Unit
@HidesMembers() fun <K, V> Map<out K, V>.forEach(action: (Map.Entry<K, V>) -> Unit): Unit
e: file:///home/anseto/programe/snacktrack/app/src/main/java/com/example/snacktrack/ui/screens/prevention/PreventionDashboardScreen.kt:251:70 Cannot infer type for this parameter. Please specify it explicitly.
e: file:///home/anseto/programe/snacktrack/app/src/main/java/com/example/snacktrack/ui/screens/prevention/PreventionDashboardScreen.kt:252:25 @Composable invocations can only happen from the context of a @Composable function
e: file:///home/anseto/programe/snacktrack/app/src/main/java/com/example/snacktrack/ui/screens/prevention/PreventionDashboardScreen.kt:253:56 Unresolved reference 'strategy'.
e: file:///home/anseto/programe/snacktrack/app/src/main/java/com/example/snacktrack/ui/screens/prevention/PreventionDashboardScreen.kt:254:51 @Composable invocations can only happen from the context of a @Composable function
e: file:///home/anseto/programe/snacktrack/app/src/main/java/com/example/snacktrack/ui/screens/prevention/PreventionDashboardScreen.kt:414:54 Unresolved reference 'Orange'.
e: file:///home/anseto/programe/snacktrack/app/src/main/java/com/example/snacktrack/ui/screens/prevention/PreventionDashboardScreen.kt:440:54 Unresolved reference 'Orange'.
e: file:///home/anseto/programe/snacktrack/app/src/main/java/com/example/snacktrack/ui/screens/prevention/PreventionDashboardScreen.kt:567:86 Unresolved reference 'Orange'.
e: file:///home/anseto/programe/snacktrack/app/src/main/java/com/example/snacktrack/ui/screens/prevention/PreventionDashboardScreen.kt:578:82 Unresolved reference 'Orange'.
e: file:///home/anseto/programe/snacktrack/app/src/main/java/com/example/snacktrack/ui/screens/prevention/PreventionDashboardScreen.kt:624:14 Unresolved reference 'PreventionUiState'.
e: file:///home/anseto/programe/snacktrack/app/src/main/java/com/example/snacktrack/ui/screens/prevention/PreventionDashboardScreen.kt:631:9 Argument type mismatch: actual type is 'R?', but 'K?' was expected.
e: file:///home/anseto/programe/snacktrack/app/src/main/java/com/example/snacktrack/ui/screens/prevention/PreventionDashboardScreen.kt:631:17 Unresolved reference 'weightGoals'.
e: file:///home/anseto/programe/snacktrack/app/src/main/java/com/example/snacktrack/ui/screens/prevention/PreventionDashboardScreen.kt:631:44 Unresolved reference. None of the following candidates is applicable because of a receiver type mismatch:
@InlineOnly() fun <T, R> T.let(block: (T) -> R): R
    [R|Contract description]
     <
        CallsInPlace(block, EXACTLY_ONCE)
    >
e: file:///home/anseto/programe/snacktrack/app/src/main/java/com/example/snacktrack/ui/screens/prevention/PreventionDashboardScreen.kt:631:50 Cannot infer type for this parameter. Please specify it explicitly.
e: file:///home/anseto/programe/snacktrack/app/src/main/java/com/example/snacktrack/ui/screens/prevention/PreventionDashboardScreen.kt:635:14 Argument type mismatch: actual type is 'kotlin.Unit', but 'K' was expected.
e: file:///home/anseto/programe/snacktrack/app/src/main/java/com/example/snacktrack/ui/screens/prevention/PreventionDashboardScreen.kt:641:39 Unresolved reference 'weightHistory'.
e: file:///home/anseto/programe/snacktrack/app/src/main/java/com/example/snacktrack/ui/screens/prevention/PreventionDashboardScreen.kt:645:21 Unresolved reference 'weightGoals'.
e: file:///home/anseto/programe/snacktrack/app/src/main/java/com/example/snacktrack/ui/screens/prevention/PreventionDashboardScreen.kt:646:27 Unresolved reference 'weightGoals'.
e: file:///home/anseto/programe/snacktrack/app/src/main/java/com/example/snacktrack/ui/screens/prevention/PreventionDashboardScreen.kt:647:32 Argument type mismatch: actual type is '@ParameterName(...) kotlin.Int', but 'com.example.snacktrack.data.model.WeightGoal' was expected.
e: file:///home/anseto/programe/snacktrack/app/src/main/java/com/example/snacktrack/ui/screens/prevention/PreventionDashboardScreen.kt:710:66 Unresolved reference 'Orange'.
e: file:///home/anseto/programe/snacktrack/app/src/main/java/com/example/snacktrack/ui/screens/prevention/PreventionDashboardScreen.kt:902:14 Unresolved reference 'PreventionUiState'.
e: file:///home/anseto/programe/snacktrack/app/src/main/java/com/example/snacktrack/ui/screens/prevention/PreventionDashboardScreen.kt:910:40 Unresolved reference 'allergyPrevention'.
e: file:///home/anseto/programe/snacktrack/app/src/main/java/com/example/snacktrack/ui/screens/prevention/PreventionDashboardScreen.kt:915:44 Unresolved reference 'allergyPrevention'.
e: file:///home/anseto/programe/snacktrack/app/src/main/java/com/example/snacktrack/ui/screens/prevention/PreventionDashboardScreen.kt:919:17 Unresolved reference 'allergyPrevention'.
e: file:///home/anseto/programe/snacktrack/app/src/main/java/com/example/snacktrack/ui/screens/prevention/PreventionDashboardScreen.kt:919:59 Cannot infer type for this parameter. Please specify it explicitly.
e: file:///home/anseto/programe/snacktrack/app/src/main/java/com/example/snacktrack/ui/screens/prevention/PreventionDashboardScreen.kt:927:39 Unresolved reference 'allergyPrevention'.
e: file:///home/anseto/programe/snacktrack/app/src/main/java/com/example/snacktrack/ui/screens/prevention/PreventionDashboardScreen.kt:990:20 'when' expression must be exhaustive. Add the 'MILD', 'MODERATE', 'SEVERE', 'LIFE_THREATENING' branches or an 'else' branch.
e: file:///home/anseto/programe/snacktrack/app/src/main/java/com/example/snacktrack/ui/screens/prevention/PreventionDashboardScreen.kt:991:17 Unresolved reference 'AllergySeverity'.
e: file:///home/anseto/programe/snacktrack/app/src/main/java/com/example/snacktrack/ui/screens/prevention/PreventionDashboardScreen.kt:992:17 Unresolved reference 'AllergySeverity'.
e: file:///home/anseto/programe/snacktrack/app/src/main/java/com/example/snacktrack/ui/screens/prevention/PreventionDashboardScreen.kt:993:17 Unresolved reference 'AllergySeverity'.
e: file:///home/anseto/programe/snacktrack/app/src/main/java/com/example/snacktrack/ui/screens/prevention/PreventionDashboardScreen.kt:993:51 Unresolved reference 'Orange'.
e: file:///home/anseto/programe/snacktrack/app/src/main/java/com/example/snacktrack/ui/screens/prevention/PreventionDashboardScreen.kt:994:17 Unresolved reference 'AllergySeverity'.
e: file:///home/anseto/programe/snacktrack/app/src/main/java/com/example/snacktrack/ui/screens/prevention/PreventionDashboardScreen.kt:1010:21 'when' expression must be exhaustive. Add the 'MILD', 'MODERATE', 'SEVERE', 'LIFE_THREATENING' branches or an 'else' branch.
e: file:///home/anseto/programe/snacktrack/app/src/main/java/com/example/snacktrack/ui/screens/prevention/PreventionDashboardScreen.kt:1011:25 Unresolved reference 'AllergySeverity'.
e: file:///home/anseto/programe/snacktrack/app/src/main/java/com/example/snacktrack/ui/screens/prevention/PreventionDashboardScreen.kt:1012:25 Unresolved reference 'AllergySeverity'.
e: file:///home/anseto/programe/snacktrack/app/src/main/java/com/example/snacktrack/ui/screens/prevention/PreventionDashboardScreen.kt:1013:25 Unresolved reference 'AllergySeverity'.
e: file:///home/anseto/programe/snacktrack/app/src/main/java/com/example/snacktrack/ui/screens/prevention/PreventionDashboardScreen.kt:1014:25 Unresolved reference 'AllergySeverity'.
e: file:///home/anseto/programe/snacktrack/app/src/main/java/com/example/snacktrack/ui/screens/prevention/PreventionDashboardScreen.kt:1023:30 'when' expression must be exhaustive. Add the 'MILD', 'MODERATE', 'SEVERE', 'LIFE_THREATENING' branches or an 'else' branch.
e: file:///home/anseto/programe/snacktrack/app/src/main/java/com/example/snacktrack/ui/screens/prevention/PreventionDashboardScreen.kt:1024:17 Unresolved reference 'AllergySeverity'.
e: file:///home/anseto/programe/snacktrack/app/src/main/java/com/example/snacktrack/ui/screens/prevention/PreventionDashboardScreen.kt:1025:17 Unresolved reference 'AllergySeverity'.
e: file:///home/anseto/programe/snacktrack/app/src/main/java/com/example/snacktrack/ui/screens/prevention/PreventionDashboardScreen.kt:1026:17 Unresolved reference 'AllergySeverity'.
e: file:///home/anseto/programe/snacktrack/app/src/main/java/com/example/snacktrack/ui/screens/prevention/PreventionDashboardScreen.kt:1026:51 Unresolved reference 'Orange'.
e: file:///home/anseto/programe/snacktrack/app/src/main/java/com/example/snacktrack/ui/screens/prevention/PreventionDashboardScreen.kt:1027:17 Unresolved reference 'AllergySeverity'.
e: file:///home/anseto/programe/snacktrack/app/src/main/java/com/example/snacktrack/ui/screens/prevention/PreventionDashboardScreen.kt:1099:50 Unresolved reference 'Orange'.
e: file:///home/anseto/programe/snacktrack/app/src/main/java/com/example/snacktrack/ui/screens/prevention/PreventionDashboardScreen.kt:1282:14 Unresolved reference 'PreventionUiState'.
e: file:///home/anseto/programe/snacktrack/app/src/main/java/com/example/snacktrack/ui/screens/prevention/PreventionDashboardScreen.kt:1294:21 Unresolved reference 'healthScreenings'.
e: file:///home/anseto/programe/snacktrack/app/src/main/java/com/example/snacktrack/ui/screens/prevention/PreventionDashboardScreen.kt:1294:44 Unresolved reference 'it'.
e: file:///home/anseto/programe/snacktrack/app/src/main/java/com/example/snacktrack/ui/screens/prevention/PreventionDashboardScreen.kt:1297:29 Unresolved reference 'healthScreenings'.
e: file:///home/anseto/programe/snacktrack/app/src/main/java/com/example/snacktrack/ui/screens/prevention/PreventionDashboardScreen.kt:1297:55 Unresolved reference 'it'.
e: file:///home/anseto/programe/snacktrack/app/src/main/java/com/example/snacktrack/ui/screens/prevention/PreventionDashboardScreen.kt:1304:23 Unresolved reference 'healthScreenings'.
e: file:///home/anseto/programe/snacktrack/app/src/main/java/com/example/snacktrack/ui/screens/prevention/PreventionDashboardScreen.kt:1304:49 Unresolved reference 'it'.
e: file:///home/anseto/programe/snacktrack/app/src/main/java/com/example/snacktrack/ui/screens/prevention/PreventionDashboardScreen.kt:1305:34 Argument type mismatch: actual type is '@ParameterName(...) kotlin.Int', but 'com.example.snacktrack.data.model.HealthScreening' was expected.
e: file:///home/anseto/programe/snacktrack/app/src/main/java/com/example/snacktrack/ui/screens/prevention/PreventionDashboardScreen.kt:1475:65 Unresolved reference 'Orange'.
e: file:///home/anseto/programe/snacktrack/app/src/main/java/com/example/snacktrack/ui/screens/prevention/PreventionDashboardScreen.kt:1509:14 Unresolved reference 'PreventionUiState'.
e: file:///home/anseto/programe/snacktrack/app/src/main/java/com/example/snacktrack/ui/screens/prevention/PreventionDashboardScreen.kt:1517:43 Unresolved reference 'vaccinationSchedule'.
e: file:///home/anseto/programe/snacktrack/app/src/main/java/com/example/snacktrack/ui/screens/prevention/PreventionDashboardScreen.kt:1521:17 Unresolved reference 'vaccinationSchedule'.
e: file:///home/anseto/programe/snacktrack/app/src/main/java/com/example/snacktrack/ui/screens/prevention/PreventionDashboardScreen.kt:1521:59 Unresolved reference 'it'.
e: file:///home/anseto/programe/snacktrack/app/src/main/java/com/example/snacktrack/ui/screens/prevention/PreventionDashboardScreen.kt:1521:70 Unresolved reference. None of the following candidates is applicable because of a receiver type mismatch:
@InlineOnly() fun <T, R> T.let(block: (T) -> R): R
    [R|Contract description]
     <
        CallsInPlace(block, EXACTLY_ONCE)
    >
e: file:///home/anseto/programe/snacktrack/app/src/main/java/com/example/snacktrack/ui/screens/prevention/PreventionDashboardScreen.kt:1521:76 Cannot infer type for this parameter. Please specify it explicitly.
e: file:///home/anseto/programe/snacktrack/app/src/main/java/com/example/snacktrack/ui/screens/prevention/PreventionDashboardScreen.kt:1522:33 Overload resolution ambiguity between candidates:
@InlineOnly() fun <T> Array<out T>.isNotEmpty(): Boolean
@InlineOnly() fun BooleanArray.isNotEmpty(): Boolean
@InlineOnly() fun ByteArray.isNotEmpty(): Boolean
@InlineOnly() fun CharArray.isNotEmpty(): Boolean
@InlineOnly() fun DoubleArray.isNotEmpty(): Boolean
@InlineOnly() fun FloatArray.isNotEmpty(): Boolean
@InlineOnly() fun IntArray.isNotEmpty(): Boolean
@InlineOnly() fun LongArray.isNotEmpty(): Boolean
@InlineOnly() fun ShortArray.isNotEmpty(): Boolean
@InlineOnly() fun <T> Collection<T>.isNotEmpty(): Boolean
@InlineOnly() fun <K, V> Map<out K, V>.isNotEmpty(): Boolean
@InlineOnly() fun CharSequence.isNotEmpty(): Boolean
e: file:///home/anseto/programe/snacktrack/app/src/main/java/com/example/snacktrack/ui/screens/prevention/PreventionDashboardScreen.kt:1530:17 Unresolved reference 'vaccinationSchedule'.
e: file:///home/anseto/programe/snacktrack/app/src/main/java/com/example/snacktrack/ui/screens/prevention/PreventionDashboardScreen.kt:1530:54 Cannot infer type for this parameter. Please specify it explicitly.
e: file:///home/anseto/programe/snacktrack/app/src/main/java/com/example/snacktrack/ui/screens/prevention/PreventionDashboardScreen.kt:1532:29 Argument type mismatch: actual type is '@ParameterName(...) kotlin.Int', but 'com.example.snacktrack.data.model.Vaccine' was expected.
e: file:///home/anseto/programe/snacktrack/app/src/main/java/com/example/snacktrack/ui/screens/prevention/PreventionDashboardScreen.kt:1620:36 Unresolved reference 'Orange'.
e: file:///home/anseto/programe/snacktrack/app/src/main/java/com/example/snacktrack/ui/screens/prevention/PreventionDashboardScreen.kt:1633:34 Unresolved reference 'Orange'.
e: file:///home/anseto/programe/snacktrack/app/src/main/java/com/example/snacktrack/ui/screens/prevention/PreventionDashboardScreen.kt:1679:31 Unresolved reference 'Orange'.
e: file:///home/anseto/programe/snacktrack/app/src/main/java/com/example/snacktrack/ui/screens/prevention/PreventionDashboardScreen.kt:1713:55 Unresolved reference 'Orange'.
e: file:///home/anseto/programe/snacktrack/app/src/main/java/com/example/snacktrack/ui/screens/prevention/PreventionDashboardScreen.kt:1716:53 Unresolved reference 'Purple'.
e: file:///home/anseto/programe/snacktrack/app/src/main/java/com/example/snacktrack/ui/screens/prevention/PreventionDashboardScreen.kt:1755:14 Unresolved reference 'PreventionUiState'.
e: file:///home/anseto/programe/snacktrack/app/src/main/java/com/example/snacktrack/ui/screens/prevention/PreventionDashboardScreen.kt:1763:38 Unresolved reference 'dentalCare'.
e: file:///home/anseto/programe/snacktrack/app/src/main/java/com/example/snacktrack/ui/screens/prevention/PreventionDashboardScreen.kt:1768:35 Unresolved reference 'dentalCare'.
e: file:///home/anseto/programe/snacktrack/app/src/main/java/com/example/snacktrack/ui/screens/prevention/PreventionDashboardScreen.kt:1773:47 Unresolved reference 'dentalCare'.
e: file:///home/anseto/programe/snacktrack/app/src/main/java/com/example/snacktrack/ui/screens/prevention/PreventionDashboardScreen.kt:1778:37 Unresolved reference 'dentalCare'.
e: file:///home/anseto/programe/snacktrack/app/src/main/java/com/example/snacktrack/ui/screens/prevention/PreventionDashboardScreen.kt:1863:43 Unresolved reference 'Orange'.
e: file:///home/anseto/programe/snacktrack/app/src/main/java/com/example/snacktrack/ui/screens/prevention/PreventionDashboardScreen.kt:2091:60 Unresolved reference 'Spray'.
e: file:///home/anseto/programe/snacktrack/app/src/main/java/com/example/snacktrack/ui/screens/prevention/PreventionDashboardScreen.kt:2150:15 Unresolved reference 'LocalDateTime'.
e: file:///home/anseto/programe/snacktrack/app/src/main/java/com/example/snacktrack/ui/screens/statistics/AdvancedStatisticsScreen.kt:46:17 No parameter with name 'navController' found.
e: file:///home/anseto/programe/snacktrack/app/src/main/java/com/example/snacktrack/ui/screens/statistics/AdvancedStatisticsScreen.kt:48:21 @Composable invocations can only happen from the context of a @Composable function
e: file:///home/anseto/programe/snacktrack/app/src/main/java/com/example/snacktrack/ui/screens/statistics/AdvancedStatisticsScreen.kt:51:21 @Composable invocations can only happen from the context of a @Composable function
e: file:///home/anseto/programe/snacktrack/app/src/main/java/com/example/snacktrack/ui/screens/statistics/AdvancedStatisticsScreen.kt:241:42 Argument type mismatch: actual type is 'com.example.snacktrack.data.model.StatisticsActivityLevel', but 'com.example.snacktrack.data.model.ActivityLevel' was expected.
e: file:///home/anseto/programe/snacktrack/app/src/main/java/com/example/snacktrack/ui/screens/statistics/AdvancedStatisticsScreen.kt:243:43 Argument type mismatch: actual type is 'com.example.snacktrack.data.model.StatisticsActivityLevel', but 'com.example.snacktrack.data.model.ActivityLevel' was expected.
e: file:///home/anseto/programe/snacktrack/app/src/main/java/com/example/snacktrack/ui/screens/statistics/AdvancedStatisticsScreen.kt:391:9 Unresolved reference 'BodyConditionScoreIndicator'.
e: file:///home/anseto/programe/snacktrack/app/src/main/java/com/example/snacktrack/ui/screens/statistics/AdvancedStatisticsScreen.kt:402:9 None of the following candidates is applicable:
@Composable() @ComposableTarget(...) fun LinearProgressIndicator(progress: () -> Float, modifier: Modifier = ..., color: Color = ..., trackColor: Color = ..., strokeCap: StrokeCap = ...): Unit
@Deprecated(...) @Composable() @ComposableTarget(...) fun LinearProgressIndicator(progress: Float, modifier: Modifier = ..., color: Color = ..., trackColor: Color = ..., strokeCap: StrokeCap = ...): Unit
e: file:///home/anseto/programe/snacktrack/app/src/main/java/com/example/snacktrack/ui/screens/statistics/AdvancedStatisticsScreen.kt:421:9 Unresolved reference 'CalorieBalanceIndicator'.
e: file:///home/anseto/programe/snacktrack/app/src/main/java/com/example/snacktrack/ui/screens/statistics/AdvancedStatisticsScreen.kt:430:9 Unresolved reference 'MacronutrientChart'.
e: file:///home/anseto/programe/snacktrack/app/src/main/java/com/example/snacktrack/ui/screens/statistics/AdvancedStatisticsScreen.kt:463:9 Unresolved reference 'NutritionalCompletenessIndicator'.
e: file:///home/anseto/programe/snacktrack/app/src/main/java/com/example/snacktrack/ui/screens/statistics/AdvancedStatisticsScreen.kt:473:17 Unresolved reference 'NutrientIssueItem'.
e: file:///home/anseto/programe/snacktrack/app/src/main/java/com/example/snacktrack/ui/screens/statistics/AdvancedStatisticsScreen.kt:490:9 Unresolved reference 'HealthScoreCircle'.
e: file:///home/anseto/programe/snacktrack/app/src/main/java/com/example/snacktrack/ui/screens/statistics/AdvancedStatisticsScreen.kt:525:9 Unresolved reference 'VaccineStatusCard'.
e: file:///home/anseto/programe/snacktrack/app/src/main/java/com/example/snacktrack/ui/screens/statistics/AdvancedStatisticsScreen.kt:535:17 Unresolved reference 'RiskFactorItem'.
e: file:///home/anseto/programe/snacktrack/app/src/main/java/com/example/snacktrack/ui/screens/statistics/AdvancedStatisticsScreen.kt:565:9 Unresolved reference 'ActivityLevelGauge'.
e: file:///home/anseto/programe/snacktrack/app/src/main/java/com/example/snacktrack/ui/screens/statistics/AdvancedStatisticsScreen.kt:576:13 Unresolved reference 'ActivityMetric'.
e: file:///home/anseto/programe/snacktrack/app/src/main/java/com/example/snacktrack/ui/screens/statistics/AdvancedStatisticsScreen.kt:581:13 Unresolved reference 'ActivityMetric'.
e: file:///home/anseto/programe/snacktrack/app/src/main/java/com/example/snacktrack/ui/screens/statistics/AdvancedStatisticsScreen.kt:586:13 Unresolved reference 'ActivityMetric'.
e: file:///home/anseto/programe/snacktrack/app/src/main/java/com/example/snacktrack/ui/screens/statistics/AdvancedStatisticsScreen.kt:634:9 None of the following candidates is applicable:
@Composable() @ComposableTarget(...) fun LinearProgressIndicator(progress: () -> Float, modifier: Modifier = ..., color: Color = ..., trackColor: Color = ..., strokeCap: StrokeCap = ...): Unit
@Deprecated(...) @Composable() @ComposableTarget(...) fun LinearProgressIndicator(progress: Float, modifier: Modifier = ..., color: Color = ..., trackColor: Color = ..., strokeCap: StrokeCap = ...): Unit
e: file:///home/anseto/programe/snacktrack/app/src/main/java/com/example/snacktrack/ui/screens/statistics/AdvancedStatisticsScreen.kt:681:9 Unresolved reference 'CostBreakdownChart'.
e: file:///home/anseto/programe/snacktrack/app/src/main/java/com/example/snacktrack/ui/screens/statistics/AdvancedStatisticsScreen.kt:697:17 Unresolved reference 'CostOptimizationCard'.
e: file:///home/anseto/programe/snacktrack/app/src/main/java/com/example/snacktrack/ui/screens/statistics/AdvancedStatisticsScreen.kt:724:9 Unresolved reference 'ScoreCard'.
e: file:///home/anseto/programe/snacktrack/app/src/main/java/com/example/snacktrack/ui/screens/statistics/AdvancedStatisticsScreen.kt:735:13 Unresolved reference 'BehaviorIndicator'.
e: file:///home/anseto/programe/snacktrack/app/src/main/java/com/example/snacktrack/ui/screens/statistics/AdvancedStatisticsScreen.kt:740:13 Unresolved reference 'BehaviorIndicator'.
e: file:///home/anseto/programe/snacktrack/app/src/main/java/com/example/snacktrack/ui/screens/statistics/AdvancedStatisticsScreen.kt:748:9 None of the following candidates is applicable:
@Composable() @ComposableTarget(...) fun LinearProgressIndicator(progress: () -> Float, modifier: Modifier = ..., color: Color = ..., trackColor: Color = ..., strokeCap: StrokeCap = ...): Unit
@Deprecated(...) @Composable() @ComposableTarget(...) fun LinearProgressIndicator(progress: Float, modifier: Modifier = ..., color: Color = ..., trackColor: Color = ..., strokeCap: StrokeCap = ...): Unit
e: file:///home/anseto/programe/snacktrack/app/src/main/java/com/example/snacktrack/ui/screens/statistics/AdvancedStatisticsScreen.kt:767:17 Unresolved reference 'FoodPreferenceItem'.
e: file:///home/anseto/programe/snacktrack/app/src/main/java/com/example/snacktrack/ui/screens/statistics/AdvancedStatisticsScreen.kt:787:9 Unresolved reference 'PredictionCard'.
e: file:///home/anseto/programe/snacktrack/app/src/main/java/com/example/snacktrack/ui/screens/statistics/AdvancedStatisticsScreen.kt:805:17 Unresolved reference 'HealthPredictionItem'.
e: file:///home/anseto/programe/snacktrack/app/src/main/java/com/example/snacktrack/ui/screens/statistics/AdvancedStatisticsScreen.kt:810:9 Unresolved reference 'RiskAssessmentCard'.
e: file:///home/anseto/programe/snacktrack/app/src/main/java/com/example/snacktrack/ui/screens/statistics/AdvancedStatisticsScreen.kt:820:17 Unresolved reference 'InterventionCard'.
e: file:///home/anseto/programe/snacktrack/app/src/main/java/com/example/snacktrack/ui/screens/statistics/AdvancedStatisticsScreen.kt:826:13 Unresolved reference 'LifeStageTransitionCard'.
e: file:///home/anseto/programe/snacktrack/app/src/main/java/com/example/snacktrack/ui/screens/statistics/AdvancedStatisticsScreen.kt:837:9 Unresolved reference 'ComparisonSection'.
e: file:///home/anseto/programe/snacktrack/app/src/main/java/com/example/snacktrack/ui/screens/statistics/AdvancedStatisticsScreen.kt:844:9 Unresolved reference 'ComparisonSection'.
e: file:///home/anseto/programe/snacktrack/app/src/main/java/com/example/snacktrack/ui/screens/statistics/AdvancedStatisticsScreen.kt:858:17 Unresolved reference 'ComparisonMetricRow'.
e: file:///home/anseto/programe/snacktrack/app/src/main/java/com/example/snacktrack/ui/screens/statistics/AdvancedStatisticsScreen.kt:865:13 Unresolved reference 'HistoricalComparisonCard'.
e: file:///home/anseto/programe/snacktrack/app/src/main/java/com/example/snacktrack/ui/screens/statistics/AdvancedStatisticsScreen.kt:870:13 Unresolved reference 'GoalProgressSection'.
e: file:///home/anseto/programe/snacktrack/app/src/main/java/com/example/snacktrack/ui/screens/statistics/AdvancedStatisticsScreen.kt:976:33 Unresolved reference 'TrendDirection'.
e: file:///home/anseto/programe/snacktrack/app/src/main/java/com/example/snacktrack/ui/screens/statistics/AdvancedStatisticsScreen.kt:976:59 'when' expression must be exhaustive. Add an 'else' branch.
e: file:///home/anseto/programe/snacktrack/app/src/main/java/com/example/snacktrack/ui/screens/statistics/AdvancedStatisticsScreen.kt:977:5 Unresolved reference 'TrendDirection'.
e: file:///home/anseto/programe/snacktrack/app/src/main/java/com/example/snacktrack/ui/screens/statistics/AdvancedStatisticsScreen.kt:978:5 Unresolved reference 'TrendDirection'.
e: file:///home/anseto/programe/snacktrack/app/src/main/java/com/example/snacktrack/ui/screens/statistics/AdvancedStatisticsScreen.kt:979:5 Unresolved reference 'TrendDirection'.
e: file:///home/anseto/programe/snacktrack/app/src/main/java/com/example/snacktrack/ui/screens/statistics/AdvancedStatisticsScreen.kt:980:5 Unresolved reference 'TrendDirection'.
e: file:///home/anseto/programe/snacktrack/app/src/main/java/com/example/snacktrack/ui/screens/statistics/AdvancedStatisticsScreen.kt:989:40 Unresolved reference 'TrendDirection'.
e: file:///home/anseto/programe/snacktrack/app/src/main/java/com/example/snacktrack/ui/screens/statistics/AdvancedStatisticsScreen.kt:990:5 Unresolved reference 'TrendDirection'.
e: file:///home/anseto/programe/snacktrack/app/src/main/java/com/example/snacktrack/ui/screens/statistics/AdvancedStatisticsScreen.kt:991:5 Unresolved reference 'TrendDirection'.
e: file:///home/anseto/programe/snacktrack/app/src/main/java/com/example/snacktrack/ui/screens/statistics/AdvancedStatisticsScreen.kt:995:66 'when' expression must be exhaustive. Add the 'VERY_LOW', 'NORMAL' branches or an 'else' branch.
e: file:///home/anseto/programe/snacktrack/app/src/main/java/com/example/snacktrack/ui/screens/statistics/AdvancedStatisticsScreen.kt:996:19 Unresolved reference 'SEDENTARY'.
e: file:///home/anseto/programe/snacktrack/app/src/main/java/com/example/snacktrack/ui/screens/statistics/AdvancedStatisticsScreen.kt:998:19 Unresolved reference 'MODERATE'.
e: file:///home/anseto/programe/snacktrack/app/src/main/java/com/example/snacktrack/ui/screens/statistics/AdvancedStatisticsScreen.kt:1003:66 'when' expression must be exhaustive. Add the 'VERY_LOW', 'NORMAL' branches or an 'else' branch.
e: file:///home/anseto/programe/snacktrack/app/src/main/java/com/example/snacktrack/ui/screens/statistics/AdvancedStatisticsScreen.kt:1004:19 Unresolved reference 'SEDENTARY'.
e: file:///home/anseto/programe/snacktrack/app/src/main/java/com/example/snacktrack/ui/screens/statistics/AdvancedStatisticsScreen.kt:1006:19 Unresolved reference 'MODERATE'.
e: file:///home/anseto/programe/snacktrack/app/src/main/java/com/example/snacktrack/ui/screens/team/TeamDashboardScreen.kt:38:20 Property delegate must have a 'getValue(Nothing?, KProperty0<ERROR CLASS: Cannot infer argument for type parameter T>)' method. None of the following functions is applicable:
fun <T> State<T>.getValue(thisObj: Any?, property: KProperty<*>): T
e: file:///home/anseto/programe/snacktrack/app/src/main/java/com/example/snacktrack/ui/screens/team/TeamDashboardScreen.kt:38:30 Unresolved reference 'uiState'.
e: file:///home/anseto/programe/snacktrack/app/src/main/java/com/example/snacktrack/ui/screens/team/TeamDashboardScreen.kt:42:19 Unresolved reference 'loadTeamData'.
e: file:///home/anseto/programe/snacktrack/app/src/main/java/com/example/snacktrack/ui/screens/team/TeamDashboardScreen.kt:49:17 No parameter with name 'navController' found.
e: file:///home/anseto/programe/snacktrack/app/src/main/java/com/example/snacktrack/ui/screens/team/TeamDashboardScreen.kt:51:21 @Composable invocations can only happen from the context of a @Composable function
e: file:///home/anseto/programe/snacktrack/app/src/main/java/com/example/snacktrack/ui/screens/team/TeamDashboardScreen.kt:80:38 Unresolved reference 'statistics'.
e: file:///home/anseto/programe/snacktrack/app/src/main/java/com/example/snacktrack/ui/screens/team/TeamDashboardScreen.kt:112:37 Unresolved reference 'upcomingTasks'.
e: file:///home/anseto/programe/snacktrack/app/src/main/java/com/example/snacktrack/ui/screens/team/TeamDashboardScreen.kt:113:41 Unresolved reference 'isLoading'.
e: file:///home/anseto/programe/snacktrack/app/src/main/java/com/example/snacktrack/ui/screens/team/TeamDashboardScreen.kt:115:35 Unresolved reference 'completeTask'.
e: file:///home/anseto/programe/snacktrack/app/src/main/java/com/example/snacktrack/ui/screens/team/TeamDashboardScreen.kt:122:45 Unresolved reference 'shoppingItems'.
e: file:///home/anseto/programe/snacktrack/app/src/main/java/com/example/snacktrack/ui/screens/team/TeamDashboardScreen.kt:123:43 Unresolved reference 'consumptionPredictions'.
e: file:///home/anseto/programe/snacktrack/app/src/main/java/com/example/snacktrack/ui/screens/team/TeamDashboardScreen.kt:124:41 Unresolved reference 'isLoading'.
e: file:///home/anseto/programe/snacktrack/app/src/main/java/com/example/snacktrack/ui/screens/team/TeamDashboardScreen.kt:126:35 Unresolved reference 'markItemAsPurchased'.
e: file:///home/anseto/programe/snacktrack/app/src/main/java/com/example/snacktrack/ui/screens/team/TeamDashboardScreen.kt:129:35 Unresolved reference 'addPredictionToShoppingList'.
e: file:///home/anseto/programe/snacktrack/app/src/main/java/com/example/snacktrack/ui/screens/team/TeamDashboardScreen.kt:133:42 Unresolved reference 'recentActivities'.
e: file:///home/anseto/programe/snacktrack/app/src/main/java/com/example/snacktrack/ui/screens/team/TeamDashboardScreen.kt:134:41 Unresolved reference 'isLoading'.
e: file:///home/anseto/programe/snacktrack/app/src/main/java/com/example/snacktrack/ui/screens/team/TeamDashboardScreen.kt:136:35 Unresolved reference 'loadMoreActivities'.
e: file:///home/anseto/programe/snacktrack/app/src/main/java/com/example/snacktrack/ui/screens/team/TeamDashboardScreen.kt:793:43 Unresolved reference 'LocalDateTime'.
e: file:///home/anseto/programe/snacktrack/app/src/main/java/com/example/snacktrack/ui/screens/team/TeamDashboardScreen.kt:794:15 Unresolved reference 'LocalDateTime'.
e: file:///home/anseto/programe/snacktrack/app/src/main/java/com/example/snacktrack/ui/screens/team/TeamDashboardScreen.kt:796:34 Unresolved reference 'toLocalDate'.
e: file:///home/anseto/programe/snacktrack/app/src/main/java/com/example/snacktrack/ui/screens/team/TeamDashboardScreen.kt:800:27 Unresolved reference 'isAfter'.
e: file:///home/anseto/programe/snacktrack/app/src/main/java/com/example/snacktrack/ui/viewmodel/AIViewModel.kt:18:27 Unresolved reference 'WeightPrediction'.
e: file:///home/anseto/programe/snacktrack/app/src/main/java/com/example/snacktrack/ui/viewmodel/AIViewModel.kt:27:45 Argument type mismatch: actual type is 'com.example.snacktrack.data.service.AppwriteService', but 'android.content.Context' was expected.
e: file:///home/anseto/programe/snacktrack/app/src/main/java/com/example/snacktrack/ui/viewmodel/AIViewModel.kt:27:45 No value passed for parameter 'appwriteService'.
e: file:///home/anseto/programe/snacktrack/app/src/main/java/com/example/snacktrack/ui/viewmodel/AIViewModel.kt:40:21 Unresolved reference 'RecommendationType'.
e: file:///home/anseto/programe/snacktrack/app/src/main/java/com/example/snacktrack/ui/viewmodel/AIViewModel.kt:77:54 Unresolved reference 'RecommendationType'.
e: file:///home/anseto/programe/snacktrack/app/src/main/java/com/example/snacktrack/ui/viewmodel/AdvancedStatisticsViewModel.kt:30:61 Argument type mismatch: actual type is 'com.example.snacktrack.data.service.AppwriteService', but 'android.content.Context' was expected.
e: file:///home/anseto/programe/snacktrack/app/src/main/java/com/example/snacktrack/ui/viewmodel/AdvancedStatisticsViewModel.kt:30:61 No value passed for parameter 'appwriteService'.
e: file:///home/anseto/programe/snacktrack/app/src/main/java/com/example/snacktrack/ui/viewmodel/AdvancedStatisticsViewModel.kt:337:101 Argument type mismatch: actual type is 'com.example.snacktrack.data.model.StatisticsTrendDirection', but 'com.example.snacktrack.ui.viewmodel.TrendDirection' was expected.
e: file:///home/anseto/programe/snacktrack/app/src/main/java/com/example/snacktrack/ui/viewmodel/AdvancedStatisticsViewModel.kt:349:64 'when' expression must be exhaustive. Add the 'IMPROVING', 'DECLINING' branches or an 'else' branch.
e: file:///home/anseto/programe/snacktrack/app/src/main/java/com/example/snacktrack/ui/viewmodel/AdvancedStatisticsViewModel.kt:350:24 Unresolved reference 'INCREASING'.
e: file:///home/anseto/programe/snacktrack/app/src/main/java/com/example/snacktrack/ui/viewmodel/AdvancedStatisticsViewModel.kt:351:24 Unresolved reference 'DECREASING'.
e: file:///home/anseto/programe/snacktrack/app/src/main/java/com/example/snacktrack/ui/viewmodel/AdvancedStatisticsViewModel.kt:353:24 Unresolved reference 'VOLATILE'.
e: file:///home/anseto/programe/snacktrack/app/src/main/java/com/example/snacktrack/ui/viewmodel/BarcodeViewModel.kt:32:55 Argument type mismatch: actual type is 'com.example.snacktrack.data.service.AppwriteService', but 'android.content.Context' was expected.
e: file:///home/anseto/programe/snacktrack/app/src/main/java/com/example/snacktrack/ui/viewmodel/BarcodeViewModel.kt:32:55 No value passed for parameter 'appwriteService'.
e: file:///home/anseto/programe/snacktrack/app/src/main/java/com/example/snacktrack/ui/viewmodel/BarcodeViewModel.kt:46:48 Unresolved reference 'getUserInventory'.
e: file:///home/anseto/programe/snacktrack/app/src/main/java/com/example/snacktrack/ui/viewmodel/BarcodeViewModel.kt:47:17 Argument type mismatch: actual type is 'R?', but 'K' was expected.
e: file:///home/anseto/programe/snacktrack/app/src/main/java/com/example/snacktrack/ui/viewmodel/BarcodeViewModel.kt:47:37 Unresolved reference. None of the following candidates is applicable because of a receiver type mismatch:
@InlineOnly() fun <T, R> T.let(block: (T) -> R): R
    [R|Contract description]
     <
        CallsInPlace(block, EXACTLY_ONCE)
    >
e: file:///home/anseto/programe/snacktrack/app/src/main/java/com/example/snacktrack/ui/viewmodel/BarcodeViewModel.kt:47:43 Cannot infer type for this parameter. Please specify it explicitly.
e: file:///home/anseto/programe/snacktrack/app/src/main/java/com/example/snacktrack/ui/viewmodel/BarcodeViewModel.kt:51:17 Argument type mismatch: actual type is 'kotlin.Unit', but 'K' was expected.
e: file:///home/anseto/programe/snacktrack/app/src/main/java/com/example/snacktrack/ui/viewmodel/BarcodeViewModel.kt:60:48 Unresolved reference 'getBarcodeHistory'.
e: file:///home/anseto/programe/snacktrack/app/src/main/java/com/example/snacktrack/ui/viewmodel/BarcodeViewModel.kt:65:17 Argument type mismatch: actual type is 'R?', but 'K' was expected.
e: file:///home/anseto/programe/snacktrack/app/src/main/java/com/example/snacktrack/ui/viewmodel/BarcodeViewModel.kt:65:37 Unresolved reference. None of the following candidates is applicable because of a receiver type mismatch:
@InlineOnly() fun <T, R> T.let(block: (T) -> R): R
    [R|Contract description]
     <
        CallsInPlace(block, EXACTLY_ONCE)
    >
e: file:///home/anseto/programe/snacktrack/app/src/main/java/com/example/snacktrack/ui/viewmodel/BarcodeViewModel.kt:65:43 Cannot infer type for this parameter. Please specify it explicitly.
e: file:///home/anseto/programe/snacktrack/app/src/main/java/com/example/snacktrack/ui/viewmodel/BarcodeViewModel.kt:69:17 Argument type mismatch: actual type is 'kotlin.Unit', but 'K' was expected.
e: file:///home/anseto/programe/snacktrack/app/src/main/java/com/example/snacktrack/ui/viewmodel/BarcodeViewModel.kt:92:65 Unresolved reference 'getProductByBarcode'.
e: file:///home/anseto/programe/snacktrack/app/src/main/java/com/example/snacktrack/ui/viewmodel/BarcodeViewModel.kt:93:28 One type argument expected. Use class 'Result' if you don't intend to pass type arguments.
e: file:///home/anseto/programe/snacktrack/app/src/main/java/com/example/snacktrack/ui/viewmodel/BarcodeViewModel.kt:94:29 Argument type mismatch: actual type is 'R?', but 'K?' was expected.
e: file:///home/anseto/programe/snacktrack/app/src/main/java/com/example/snacktrack/ui/viewmodel/BarcodeViewModel.kt:94:29 Argument type mismatch: actual type is 'K', but 'K' was expected.
e: file:///home/anseto/programe/snacktrack/app/src/main/java/com/example/snacktrack/ui/viewmodel/BarcodeViewModel.kt:94:56 Unresolved reference. None of the following candidates is applicable because of a receiver type mismatch:
@InlineOnly() fun <T, R> T.let(block: (T) -> R): R
    [R|Contract description]
     <
        CallsInPlace(block, EXACTLY_ONCE)
    >
e: file:///home/anseto/programe/snacktrack/app/src/main/java/com/example/snacktrack/ui/viewmodel/BarcodeViewModel.kt:94:62 Cannot infer type for this parameter. Please specify it explicitly.
e: file:///home/anseto/programe/snacktrack/app/src/main/java/com/example/snacktrack/ui/viewmodel/BarcodeViewModel.kt:104:33 Suspension functions can only be called within coroutine body.
e: file:///home/anseto/programe/snacktrack/app/src/main/java/com/example/snacktrack/ui/viewmodel/BarcodeViewModel.kt:107:33 Suspension functions can only be called within coroutine body.
e: file:///home/anseto/programe/snacktrack/app/src/main/java/com/example/snacktrack/ui/viewmodel/BarcodeViewModel.kt:110:33 Suspension functions can only be called within coroutine body.
e: file:///home/anseto/programe/snacktrack/app/src/main/java/com/example/snacktrack/ui/viewmodel/BarcodeViewModel.kt:111:34 Argument type mismatch: actual type is 'kotlin.Unit', but 'K' was expected.
e: file:///home/anseto/programe/snacktrack/app/src/main/java/com/example/snacktrack/ui/viewmodel/BarcodeViewModel.kt:147:26 Unresolved reference 'DataSource'.
e: file:///home/anseto/programe/snacktrack/app/src/main/java/com/example/snacktrack/ui/viewmodel/BarcodeViewModel.kt:169:40 Unresolved reference 'checkProductAllergens'.
e: file:///home/anseto/programe/snacktrack/app/src/main/java/com/example/snacktrack/ui/viewmodel/BarcodeViewModel.kt:170:29 Unresolved reference. None of the following candidates is applicable because of a receiver type mismatch:
@InlineOnly() fun <T, R> T.let(block: (T) -> R): R
    [R|Contract description]
     <
        CallsInPlace(block, EXACTLY_ONCE)
    >
e: file:///home/anseto/programe/snacktrack/app/src/main/java/com/example/snacktrack/ui/viewmodel/BarcodeViewModel.kt:170:35 Cannot infer type for this parameter. Please specify it explicitly.
e: file:///home/anseto/programe/snacktrack/app/src/main/java/com/example/snacktrack/ui/viewmodel/BarcodeViewModel.kt:176:73 Argument type mismatch: actual type is 'com.example.snacktrack.data.model.Product', but 'com.example.snacktrack.data.repository.RecommendationContext' was expected.
e: file:///home/anseto/programe/snacktrack/app/src/main/java/com/example/snacktrack/ui/viewmodel/BarcodeViewModel.kt:184:27 Unresolved reference 'recordBarcodeHistory'.
e: file:///home/anseto/programe/snacktrack/app/src/main/java/com/example/snacktrack/ui/viewmodel/BarcodeViewModel.kt:199:48 Unresolved reference 'addToInventory'.
e: file:///home/anseto/programe/snacktrack/app/src/main/java/com/example/snacktrack/ui/viewmodel/BarcodeViewModel.kt:206:17 Argument type mismatch: actual type is 'R?', but 'K?' was expected.
e: file:///home/anseto/programe/snacktrack/app/src/main/java/com/example/snacktrack/ui/viewmodel/BarcodeViewModel.kt:206:17 Argument type mismatch: actual type is 'K', but 'K' was expected.
e: file:///home/anseto/programe/snacktrack/app/src/main/java/com/example/snacktrack/ui/viewmodel/BarcodeViewModel.kt:206:37 Unresolved reference. None of the following candidates is applicable because of a receiver type mismatch:
@InlineOnly() fun <T, R> T.let(block: (T) -> R): R
    [R|Contract description]
     <
        CallsInPlace(block, EXACTLY_ONCE)
    >
e: file:///home/anseto/programe/snacktrack/app/src/main/java/com/example/snacktrack/ui/viewmodel/BarcodeViewModel.kt:206:41 Cannot infer type for this parameter. Please specify it explicitly.
e: file:///home/anseto/programe/snacktrack/app/src/main/java/com/example/snacktrack/ui/viewmodel/BarcodeViewModel.kt:214:22 Argument type mismatch: actual type is 'kotlin.Unit', but 'K' was expected.
e: file:///home/anseto/programe/snacktrack/app/src/main/java/com/example/snacktrack/ui/viewmodel/BarcodeViewModel.kt:223:17 Argument type mismatch: actual type is 'kotlin.Unit', but 'K' was expected.
e: file:///home/anseto/programe/snacktrack/app/src/main/java/com/example/snacktrack/ui/viewmodel/BarcodeViewModel.kt:259:21 No parameter with name 'products' found.
e: file:///home/anseto/programe/snacktrack/app/src/main/java/com/example/snacktrack/ui/viewmodel/BarcodeViewModel.kt:261:21 No parameter with name 'dogId' found.
e: file:///home/anseto/programe/snacktrack/app/src/main/java/com/example/snacktrack/ui/viewmodel/BarcodeViewModel.kt:261:21 No value passed for parameter 'productIds'.
e: file:///home/anseto/programe/snacktrack/app/src/main/java/com/example/snacktrack/ui/viewmodel/BarcodeViewModel.kt:302:48 Unresolved reference 'updateInventoryQuantity'.
e: file:///home/anseto/programe/snacktrack/app/src/main/java/com/example/snacktrack/ui/viewmodel/BarcodeViewModel.kt:303:17 Argument type mismatch: actual type is 'R?', but 'K' was expected.
e: file:///home/anseto/programe/snacktrack/app/src/main/java/com/example/snacktrack/ui/viewmodel/BarcodeViewModel.kt:303:37 Unresolved reference. None of the following candidates is applicable because of a receiver type mismatch:
@InlineOnly() fun <T, R> T.let(block: (T) -> R): R
    [R|Contract description]
     <
        CallsInPlace(block, EXACTLY_ONCE)
    >
e: file:///home/anseto/programe/snacktrack/app/src/main/java/com/example/snacktrack/ui/viewmodel/BarcodeViewModel.kt:303:41 Cannot infer type for this parameter. Please specify it explicitly.
e: file:///home/anseto/programe/snacktrack/app/src/main/java/com/example/snacktrack/ui/viewmodel/BarcodeViewModel.kt:310:17 Argument type mismatch: actual type is 'kotlin.Unit', but 'K' was expected.
e: file:///home/anseto/programe/snacktrack/app/src/main/java/com/example/snacktrack/ui/viewmodel/BarcodeViewModel.kt:318:48 Unresolved reference 'setReorderSettings'.
e: file:///home/anseto/programe/snacktrack/app/src/main/java/com/example/snacktrack/ui/viewmodel/BarcodeViewModel.kt:319:17 Argument type mismatch: actual type is 'R?', but 'K' was expected.
e: file:///home/anseto/programe/snacktrack/app/src/main/java/com/example/snacktrack/ui/viewmodel/BarcodeViewModel.kt:319:37 Unresolved reference. None of the following candidates is applicable because of a receiver type mismatch:
@InlineOnly() fun <T, R> T.let(block: (T) -> R): R
    [R|Contract description]
     <
        CallsInPlace(block, EXACTLY_ONCE)
    >
e: file:///home/anseto/programe/snacktrack/app/src/main/java/com/example/snacktrack/ui/viewmodel/BarcodeViewModel.kt:319:41 Cannot infer type for this parameter. Please specify it explicitly.
e: file:///home/anseto/programe/snacktrack/app/src/main/java/com/example/snacktrack/ui/viewmodel/BarcodeViewModel.kt:326:17 Argument type mismatch: actual type is 'kotlin.Unit', but 'K' was expected.
e: file:///home/anseto/programe/snacktrack/app/src/main/java/com/example/snacktrack/ui/viewmodel/BarcodeViewModel.kt:336:48 Unresolved reference 'searchProducts'.
e: file:///home/anseto/programe/snacktrack/app/src/main/java/com/example/snacktrack/ui/viewmodel/BarcodeViewModel.kt:337:17 Argument type mismatch: actual type is 'R?', but 'K' was expected.
e: file:///home/anseto/programe/snacktrack/app/src/main/java/com/example/snacktrack/ui/viewmodel/BarcodeViewModel.kt:337:37 Unresolved reference. None of the following candidates is applicable because of a receiver type mismatch:
@InlineOnly() fun <T, R> T.let(block: (T) -> R): R
    [R|Contract description]
     <
        CallsInPlace(block, EXACTLY_ONCE)
    >
e: file:///home/anseto/programe/snacktrack/app/src/main/java/com/example/snacktrack/ui/viewmodel/BarcodeViewModel.kt:337:43 Cannot infer type for this parameter. Please specify it explicitly.
e: file:///home/anseto/programe/snacktrack/app/src/main/java/com/example/snacktrack/ui/viewmodel/BarcodeViewModel.kt:338:34 Overload resolution ambiguity between candidates:
@InlineOnly() fun <T> Array<out T>.isNotEmpty(): Boolean
@InlineOnly() fun BooleanArray.isNotEmpty(): Boolean
@InlineOnly() fun ByteArray.isNotEmpty(): Boolean
@InlineOnly() fun CharArray.isNotEmpty(): Boolean
@InlineOnly() fun DoubleArray.isNotEmpty(): Boolean
@InlineOnly() fun FloatArray.isNotEmpty(): Boolean
@InlineOnly() fun IntArray.isNotEmpty(): Boolean
@InlineOnly() fun LongArray.isNotEmpty(): Boolean
@InlineOnly() fun ShortArray.isNotEmpty(): Boolean
@InlineOnly() fun <T> Collection<T>.isNotEmpty(): Boolean
@InlineOnly() fun <K, V> Map<out K, V>.isNotEmpty(): Boolean
@InlineOnly() fun CharSequence.isNotEmpty(): Boolean
e: file:///home/anseto/programe/snacktrack/app/src/main/java/com/example/snacktrack/ui/viewmodel/BarcodeViewModel.kt:342:51 Argument type mismatch: actual type is 'kotlinx.coroutines.flow.Flow<R>', but 'kotlin.collections.List<com.example.snacktrack.data.model.ProductRecommendation>' was expected.
e: file:///home/anseto/programe/snacktrack/app/src/main/java/com/example/snacktrack/ui/viewmodel/BarcodeViewModel.kt:342:60 Not enough information to infer type argument for 'T'.
e: file:///home/anseto/programe/snacktrack/app/src/main/java/com/example/snacktrack/ui/viewmodel/BarcodeViewModel.kt:342:72 Cannot infer type for this parameter. Please specify it explicitly.
e: file:///home/anseto/programe/snacktrack/app/src/main/java/com/example/snacktrack/ui/viewmodel/BarcodeViewModel.kt:363:17 Argument type mismatch: actual type is 'kotlin.Unit', but 'K' was expected.
e: file:///home/anseto/programe/snacktrack/app/src/main/java/com/example/snacktrack/ui/viewmodel/ExportIntegrationViewModel.kt:93:33 Argument type mismatch: actual type is 'com.example.snacktrack.data.model.DateRange?', but 'com.example.snacktrack.data.repository.ExportRepository.DateRange?' was expected.
e: file:///home/anseto/programe/snacktrack/app/src/main/java/com/example/snacktrack/ui/viewmodel/ExportIntegrationViewModel.kt:139:47 Unresolved reference 'setupVeterinaryIntegration'.
e: file:///home/anseto/programe/snacktrack/app/src/main/java/com/example/snacktrack/ui/viewmodel/ExportIntegrationViewModel.kt:146:17 Argument type mismatch: actual type is 'R?', but 'K?' was expected.
e: file:///home/anseto/programe/snacktrack/app/src/main/java/com/example/snacktrack/ui/viewmodel/ExportIntegrationViewModel.kt:146:17 Argument type mismatch: actual type is 'K', but 'K' was expected.
e: file:///home/anseto/programe/snacktrack/app/src/main/java/com/example/snacktrack/ui/viewmodel/ExportIntegrationViewModel.kt:146:37 Unresolved reference. None of the following candidates is applicable because of a receiver type mismatch:
@InlineOnly() fun <T, R> T.let(block: (T) -> R): R
    [R|Contract description]
     <
        CallsInPlace(block, EXACTLY_ONCE)
    >
e: file:///home/anseto/programe/snacktrack/app/src/main/java/com/example/snacktrack/ui/viewmodel/ExportIntegrationViewModel.kt:146:43 Cannot infer type for this parameter. Please specify it explicitly.
e: file:///home/anseto/programe/snacktrack/app/src/main/java/com/example/snacktrack/ui/viewmodel/ExportIntegrationViewModel.kt:149:80 Overload resolution ambiguity between candidates:
fun <T> Collection<T>.plus(element: T): List<T>
fun <T> Collection<T>.plus(elements: Array<out T>): List<T>
fun <T> Collection<T>.plus(elements: Iterable<T>): List<T>
fun <T> Collection<T>.plus(elements: Sequence<T>): List<T>
fun <T> Iterable<T>.plus(element: T): List<T>
fun <T> Iterable<T>.plus(elements: Array<out T>): List<T>
fun <T> Iterable<T>.plus(elements: Iterable<T>): List<T>
fun <T> Iterable<T>.plus(elements: Sequence<T>): List<T>
e: file:///home/anseto/programe/snacktrack/app/src/main/java/com/example/snacktrack/ui/viewmodel/ExportIntegrationViewModel.kt:154:22 Argument type mismatch: actual type is 'kotlin.Unit', but 'K' was expected.
e: file:///home/anseto/programe/snacktrack/app/src/main/java/com/example/snacktrack/ui/viewmodel/ExportIntegrationViewModel.kt:163:17 Argument type mismatch: actual type is 'kotlin.Unit', but 'K' was expected.
e: file:///home/anseto/programe/snacktrack/app/src/main/java/com/example/snacktrack/ui/viewmodel/ExportIntegrationViewModel.kt:178:81 Too many arguments for 'public final suspend fun com/example/snacktrack/data/repository/ExportRepository.syncWithVeterinary(integrationId: kotlin/String): kotlin/Result<kotlin/Unit>'.
e: file:///home/anseto/programe/snacktrack/app/src/main/java/com/example/snacktrack/ui/viewmodel/ExportIntegrationViewModel.kt:184:90 Unresolved reference 'recordsSynced'.
e: file:///home/anseto/programe/snacktrack/app/src/main/java/com/example/snacktrack/ui/viewmodel/ExportIntegrationViewModel.kt:219:21 No parameter with name 'userId' found.
e: file:///home/anseto/programe/snacktrack/app/src/main/java/com/example/snacktrack/ui/viewmodel/ExportIntegrationViewModel.kt:222:21 No parameter with name 'authToken' found.
e: file:///home/anseto/programe/snacktrack/app/src/main/java/com/example/snacktrack/ui/viewmodel/ExportIntegrationViewModel.kt:222:21 No value passed for parameter 'calendarId'.
e: file:///home/anseto/programe/snacktrack/app/src/main/java/com/example/snacktrack/ui/viewmodel/ExportIntegrationViewModel.kt:255:47 Unresolved reference 'syncCalendarEvents'.
e: file:///home/anseto/programe/snacktrack/app/src/main/java/com/example/snacktrack/ui/viewmodel/ExportIntegrationViewModel.kt:257:17 Argument type mismatch: actual type is 'R?', but 'K?' was expected.
e: file:///home/anseto/programe/snacktrack/app/src/main/java/com/example/snacktrack/ui/viewmodel/ExportIntegrationViewModel.kt:257:17 Argument type mismatch: actual type is 'K', but 'K' was expected.
e: file:///home/anseto/programe/snacktrack/app/src/main/java/com/example/snacktrack/ui/viewmodel/ExportIntegrationViewModel.kt:257:37 Unresolved reference. None of the following candidates is applicable because of a receiver type mismatch:
@InlineOnly() fun <T, R> T.let(block: (T) -> R): R
    [R|Contract description]
     <
        CallsInPlace(block, EXACTLY_ONCE)
    >
e: file:///home/anseto/programe/snacktrack/app/src/main/java/com/example/snacktrack/ui/viewmodel/ExportIntegrationViewModel.kt:257:43 Cannot infer type for this parameter. Please specify it explicitly.
e: file:///home/anseto/programe/snacktrack/app/src/main/java/com/example/snacktrack/ui/viewmodel/ExportIntegrationViewModel.kt:260:56 Unresolved reference 'size'.
e: file:///home/anseto/programe/snacktrack/app/src/main/java/com/example/snacktrack/ui/viewmodel/ExportIntegrationViewModel.kt:263:22 Argument type mismatch: actual type is 'kotlin.Unit', but 'K' was expected.
e: file:///home/anseto/programe/snacktrack/app/src/main/java/com/example/snacktrack/ui/viewmodel/ExportIntegrationViewModel.kt:269:17 Argument type mismatch: actual type is 'kotlin.Unit', but 'K' was expected.
e: file:///home/anseto/programe/snacktrack/app/src/main/java/com/example/snacktrack/ui/viewmodel/ExportIntegrationViewModel.kt:289:47 Unresolved reference 'setupFitnessTracker'.
e: file:///home/anseto/programe/snacktrack/app/src/main/java/com/example/snacktrack/ui/viewmodel/ExportIntegrationViewModel.kt:297:17 Argument type mismatch: actual type is 'R?', but 'K?' was expected.
e: file:///home/anseto/programe/snacktrack/app/src/main/java/com/example/snacktrack/ui/viewmodel/ExportIntegrationViewModel.kt:297:17 Argument type mismatch: actual type is 'K', but 'K' was expected.
e: file:///home/anseto/programe/snacktrack/app/src/main/java/com/example/snacktrack/ui/viewmodel/ExportIntegrationViewModel.kt:297:37 Unresolved reference. None of the following candidates is applicable because of a receiver type mismatch:
@InlineOnly() fun <T, R> T.let(block: (T) -> R): R
    [R|Contract description]
     <
        CallsInPlace(block, EXACTLY_ONCE)
    >
e: file:///home/anseto/programe/snacktrack/app/src/main/java/com/example/snacktrack/ui/viewmodel/ExportIntegrationViewModel.kt:297:43 Cannot infer type for this parameter. Please specify it explicitly.
e: file:///home/anseto/programe/snacktrack/app/src/main/java/com/example/snacktrack/ui/viewmodel/ExportIntegrationViewModel.kt:300:66 Overload resolution ambiguity between candidates:
fun <T> Collection<T>.plus(element: T): List<T>
fun <T> Collection<T>.plus(elements: Array<out T>): List<T>
fun <T> Collection<T>.plus(elements: Iterable<T>): List<T>
fun <T> Collection<T>.plus(elements: Sequence<T>): List<T>
fun <T> Iterable<T>.plus(element: T): List<T>
fun <T> Iterable<T>.plus(elements: Array<out T>): List<T>
fun <T> Iterable<T>.plus(elements: Iterable<T>): List<T>
fun <T> Iterable<T>.plus(elements: Sequence<T>): List<T>
e: file:///home/anseto/programe/snacktrack/app/src/main/java/com/example/snacktrack/ui/viewmodel/ExportIntegrationViewModel.kt:305:22 Argument type mismatch: actual type is 'kotlin.Unit', but 'K' was expected.
e: file:///home/anseto/programe/snacktrack/app/src/main/java/com/example/snacktrack/ui/viewmodel/ExportIntegrationViewModel.kt:314:17 Argument type mismatch: actual type is 'kotlin.Unit', but 'K' was expected.
e: file:///home/anseto/programe/snacktrack/app/src/main/java/com/example/snacktrack/ui/viewmodel/ExportIntegrationViewModel.kt:360:21 No parameter with name 'userId' found.
e: file:///home/anseto/programe/snacktrack/app/src/main/java/com/example/snacktrack/ui/viewmodel/ExportIntegrationViewModel.kt:435:21 No parameter with name 'userId' found.
e: file:///home/anseto/programe/snacktrack/app/src/main/java/com/example/snacktrack/ui/viewmodel/ExportIntegrationViewModel.kt:437:21 No parameter with name 'options' found.
e: file:///home/anseto/programe/snacktrack/app/src/main/java/com/example/snacktrack/ui/viewmodel/ExportIntegrationViewModel.kt:437:21 No value passed for parameter 'restoreOptions'.
e: file:///home/anseto/programe/snacktrack/app/src/main/java/com/example/snacktrack/ui/viewmodel/ExportIntegrationViewModel.kt:530:21 No parameter with name 'userId' found.
e: file:///home/anseto/programe/snacktrack/app/src/main/java/com/example/snacktrack/ui/viewmodel/ExportIntegrationViewModel.kt:532:21 No parameter with name 'fileData' found.
e: file:///home/anseto/programe/snacktrack/app/src/main/java/com/example/snacktrack/ui/viewmodel/ExportIntegrationViewModel.kt:534:21 No value passed for parameter 'fileUrl'.
e: file:///home/anseto/programe/snacktrack/app/src/main/java/com/example/snacktrack/ui/viewmodel/ExportIntegrationViewModel.kt:572:23 Unresolved reference 'SyncInterval'.
e: file:///home/anseto/programe/snacktrack/app/src/main/java/com/example/snacktrack/ui/viewmodel/ExportIntegrationViewModel.kt:579:47 Unresolved reference 'configureSyncSettings'.
e: file:///home/anseto/programe/snacktrack/app/src/main/java/com/example/snacktrack/ui/viewmodel/ExportIntegrationViewModel.kt:587:17 Argument type mismatch: actual type is 'R?', but 'K?' was expected.
e: file:///home/anseto/programe/snacktrack/app/src/main/java/com/example/snacktrack/ui/viewmodel/ExportIntegrationViewModel.kt:587:17 Argument type mismatch: actual type is 'K', but 'K' was expected.
e: file:///home/anseto/programe/snacktrack/app/src/main/java/com/example/snacktrack/ui/viewmodel/ExportIntegrationViewModel.kt:587:37 Unresolved reference. None of the following candidates is applicable because of a receiver type mismatch:
@InlineOnly() fun <T, R> T.let(block: (T) -> R): R
    [R|Contract description]
     <
        CallsInPlace(block, EXACTLY_ONCE)
    >
e: file:///home/anseto/programe/snacktrack/app/src/main/java/com/example/snacktrack/ui/viewmodel/ExportIntegrationViewModel.kt:587:43 Cannot infer type for this parameter. Please specify it explicitly.
e: file:///home/anseto/programe/snacktrack/app/src/main/java/com/example/snacktrack/ui/viewmodel/ExportIntegrationViewModel.kt:594:22 Argument type mismatch: actual type is 'kotlin.Unit', but 'K' was expected.
e: file:///home/anseto/programe/snacktrack/app/src/main/java/com/example/snacktrack/ui/viewmodel/ExportIntegrationViewModel.kt:600:17 Argument type mismatch: actual type is 'kotlin.Unit', but 'K' was expected.
e: file:///home/anseto/programe/snacktrack/app/src/main/java/com/example/snacktrack/ui/viewmodel/ExportIntegrationViewModel.kt:614:21 No parameter with name 'userId' found.
e: file:///home/anseto/programe/snacktrack/app/src/main/java/com/example/snacktrack/ui/viewmodel/ExportIntegrationViewModel.kt:615:21 No parameter with name 'direction' found.
e: file:///home/anseto/programe/snacktrack/app/src/main/java/com/example/snacktrack/ui/viewmodel/ExportIntegrationViewModel.kt:615:21 No value passed for parameter 'syncConfigId'.
e: file:///home/anseto/programe/snacktrack/app/src/main/java/com/example/snacktrack/ui/viewmodel/HealthViewModel.kt:44:53 Argument type mismatch: actual type is 'com.example.snacktrack.data.service.AppwriteService', but 'android.content.Context' was expected.
e: file:///home/anseto/programe/snacktrack/app/src/main/java/com/example/snacktrack/ui/viewmodel/HealthViewModel.kt:44:53 No value passed for parameter 'appwriteService'.
e: file:///home/anseto/programe/snacktrack/app/src/main/java/com/example/snacktrack/ui/viewmodel/HealthViewModel.kt:160:67 Unresolved reference 'AllergySeverity'.
e: file:///home/anseto/programe/snacktrack/app/src/main/java/com/example/snacktrack/ui/viewmodel/NutritionViewModel.kt:29:59 Argument type mismatch: actual type is 'com.example.snacktrack.data.service.AppwriteService', but 'android.content.Context' was expected.
e: file:///home/anseto/programe/snacktrack/app/src/main/java/com/example/snacktrack/ui/viewmodel/NutritionViewModel.kt:29:59 No value passed for parameter 'appwriteService'.
e: file:///home/anseto/programe/snacktrack/app/src/main/java/com/example/snacktrack/ui/viewmodel/OfflineViewModel.kt:165:35 Unresolved reference 'SyncInterval'.
e: file:///home/anseto/programe/snacktrack/app/src/main/java/com/example/snacktrack/ui/viewmodel/PreventionViewModel.kt:20:25 Unresolved reference 'RiskAssessment'.
e: file:///home/anseto/programe/snacktrack/app/src/main/java/com/example/snacktrack/ui/viewmodel/PreventionViewModel.kt:29:29 Unresolved reference 'PreventionTask'.
e: file:///home/anseto/programe/snacktrack/app/src/main/java/com/example/snacktrack/ui/viewmodel/PreventionViewModel.kt:30:32 Unresolved reference 'PreventionActivity'.
e: file:///home/anseto/programe/snacktrack/app/src/main/java/com/example/snacktrack/ui/viewmodel/PreventionViewModel.kt:54:65 Unresolved reference 'getRiskAssessments'.
e: file:///home/anseto/programe/snacktrack/app/src/main/java/com/example/snacktrack/ui/viewmodel/PreventionViewModel.kt:60:63 Unresolved reference 'getSeasonalCare'.
e: file:///home/anseto/programe/snacktrack/app/src/main/java/com/example/snacktrack/ui/viewmodel/PreventionViewModel.kt:98:51 Unresolved reference 'generateRiskAssessment'.
e: file:///home/anseto/programe/snacktrack/app/src/main/java/com/example/snacktrack/ui/viewmodel/PreventionViewModel.kt:99:17 Argument type mismatch: actual type is 'R?', but 'K?' was expected.
e: file:///home/anseto/programe/snacktrack/app/src/main/java/com/example/snacktrack/ui/viewmodel/PreventionViewModel.kt:99:17 Argument type mismatch: actual type is 'K', but 'K' was expected.
e: file:///home/anseto/programe/snacktrack/app/src/main/java/com/example/snacktrack/ui/viewmodel/PreventionViewModel.kt:99:37 Unresolved reference. None of the following candidates is applicable because of a receiver type mismatch:
@InlineOnly() fun <T, R> T.let(block: (T) -> R): R
    [R|Contract description]
     <
        CallsInPlace(block, EXACTLY_ONCE)
    >
e: file:///home/anseto/programe/snacktrack/app/src/main/java/com/example/snacktrack/ui/viewmodel/PreventionViewModel.kt:99:43 Cannot infer type for this parameter. Please specify it explicitly.
e: file:///home/anseto/programe/snacktrack/app/src/main/java/com/example/snacktrack/ui/viewmodel/PreventionViewModel.kt:107:22 Argument type mismatch: actual type is 'kotlin.Unit', but 'K' was expected.
e: file:///home/anseto/programe/snacktrack/app/src/main/java/com/example/snacktrack/ui/viewmodel/PreventionViewModel.kt:116:17 Argument type mismatch: actual type is 'kotlin.Unit', but 'K' was expected.
e: file:///home/anseto/programe/snacktrack/app/src/main/java/com/example/snacktrack/ui/viewmodel/PreventionViewModel.kt:191:25 No parameter with name 'date' found.
e: file:///home/anseto/programe/snacktrack/app/src/main/java/com/example/snacktrack/ui/viewmodel/PreventionViewModel.kt:197:58 Unresolved reference 'date'.
e: file:///home/anseto/programe/snacktrack/app/src/main/java/com/example/snacktrack/ui/viewmodel/PreventionViewModel.kt:228:32 Unresolved reference 'AllergySeverity'.
e: file:///home/anseto/programe/snacktrack/app/src/main/java/com/example/snacktrack/ui/viewmodel/PreventionViewModel.kt:231:36 Unresolved reference 'ReactionType'.
e: file:///home/anseto/programe/snacktrack/app/src/main/java/com/example/snacktrack/ui/viewmodel/PreventionViewModel.kt:276:32 Unresolved reference 'AllergySeverity'.
e: file:///home/anseto/programe/snacktrack/app/src/main/java/com/example/snacktrack/ui/viewmodel/PreventionViewModel.kt:605:47 Unresolved reference 'PreventionTask'.
e: file:///home/anseto/programe/snacktrack/app/src/main/java/com/example/snacktrack/ui/viewmodel/PreventionViewModel.kt:607:13 Unresolved reference 'PreventionTask'.
e: file:///home/anseto/programe/snacktrack/app/src/main/java/com/example/snacktrack/ui/viewmodel/PreventionViewModel.kt:607:13 Cannot infer type for this parameter. Please specify it explicitly.
e: file:///home/anseto/programe/snacktrack/app/src/main/java/com/example/snacktrack/ui/viewmodel/PreventionViewModel.kt:614:13 Unresolved reference 'PreventionTask'.
e: file:///home/anseto/programe/snacktrack/app/src/main/java/com/example/snacktrack/ui/viewmodel/PreventionViewModel.kt:621:13 Unresolved reference 'PreventionTask'.
e: file:///home/anseto/programe/snacktrack/app/src/main/java/com/example/snacktrack/ui/viewmodel/PreventionViewModel.kt:628:13 Unresolved reference 'PreventionTask'.
e: file:///home/anseto/programe/snacktrack/app/src/main/java/com/example/snacktrack/ui/viewmodel/PreventionViewModel.kt:635:13 Unresolved reference 'PreventionTask'.
e: file:///home/anseto/programe/snacktrack/app/src/main/java/com/example/snacktrack/ui/viewmodel/PreventionViewModel.kt:645:50 Unresolved reference 'PreventionActivity'.
e: file:///home/anseto/programe/snacktrack/app/src/main/java/com/example/snacktrack/ui/viewmodel/PreventionViewModel.kt:647:13 Unresolved reference 'PreventionActivity'.
e: file:///home/anseto/programe/snacktrack/app/src/main/java/com/example/snacktrack/ui/viewmodel/PreventionViewModel.kt:647:13 Cannot infer type for this parameter. Please specify it explicitly.
e: file:///home/anseto/programe/snacktrack/app/src/main/java/com/example/snacktrack/ui/viewmodel/PreventionViewModel.kt:654:13 Unresolved reference 'PreventionActivity'.
e: file:///home/anseto/programe/snacktrack/app/src/main/java/com/example/snacktrack/ui/viewmodel/PreventionViewModel.kt:661:13 Unresolved reference 'PreventionActivity'.
e: file:///home/anseto/programe/snacktrack/app/src/main/java/com/example/snacktrack/ui/viewmodel/PreventionViewModel.kt:668:13 Unresolved reference 'PreventionActivity'.
e: file:///home/anseto/programe/snacktrack/app/src/main/java/com/example/snacktrack/ui/viewmodel/PreventionViewModel.kt:675:13 Unresolved reference 'PreventionActivity'.
e: file:///home/anseto/programe/snacktrack/app/src/main/java/com/example/snacktrack/ui/viewmodel/PreventionViewModel.kt:699:25 No parameter with name 'date' found.
e: file:///home/anseto/programe/snacktrack/app/src/main/java/com/example/snacktrack/ui/viewmodel/PreventionViewModel.kt:706:48 Unresolved reference 'date'.
e: file:///home/anseto/programe/snacktrack/app/src/main/java/com/example/snacktrack/ui/viewmodel/PreventionViewModel.kt:709:37 Unresolved reference 'Season'.
e: file:///home/anseto/programe/snacktrack/app/src/main/java/com/example/snacktrack/ui/viewmodel/PreventionViewModel.kt:712:24 Unresolved reference 'Season'.
e: file:///home/anseto/programe/snacktrack/app/src/main/java/com/example/snacktrack/ui/viewmodel/PreventionViewModel.kt:713:24 Unresolved reference 'Season'.
e: file:///home/anseto/programe/snacktrack/app/src/main/java/com/example/snacktrack/ui/viewmodel/PreventionViewModel.kt:714:26 Unresolved reference 'Season'.
e: file:///home/anseto/programe/snacktrack/app/src/main/java/com/example/snacktrack/ui/viewmodel/PreventionViewModel.kt:715:21 Unresolved reference 'Season'.
e: file:///home/anseto/programe/snacktrack/app/src/main/java/com/example/snacktrack/ui/viewmodel/TeamFeaturesViewModel.kt:33:65 Argument type mismatch: actual type is 'com.example.snacktrack.data.service.AppwriteService', but 'android.content.Context' was expected.
e: file:///home/anseto/programe/snacktrack/app/src/main/java/com/example/snacktrack/ui/viewmodel/TeamFeaturesViewModel.kt:33:65 No value passed for parameter 'appwriteService'.
e: file:///home/anseto/programe/snacktrack/app/src/main/java/com/example/snacktrack/ui/viewmodel/TeamFeaturesViewModel.kt:47:52 Unresolved reference 'userId'.
w: Detected multiple Kotlin daemon sessions at 

FAILURE: Build failed with an exception.

* What went wrong:
Execution failed for task ':app:compileDebugKotlin'.
> A failure occurred while executing org.jetbrains.kotlin.compilerRunner.GradleCompilerRunnerWithWorkers$GradleKotlinCompilerWorkAction
   > Compilation error. See log for more details

* Try:
> Run with --stacktrace option to get the stack trace.
> Run with --info or --debug option to get more log output.
> Run with --scan to get full insights.
> Get more help at https://help.gradle.org.

BUILD FAILED in 19s
15 actionable tasks: 1 executed, 14 up-to-date
